Epoch 1/50
  0%|                                                                                                                  | 0/200 [00:00<?, ?it/s]/exports/eddie/scratch/s2017594/conda-envs/diss/lib/python3.10/site-packages/transformers/modeling_utils.py:1126: FutureWarning: The `device` argument is deprecated and will be removed in v5 of Transformers.
  warnings.warn(
100%|████████████████████████████████████████████████████████████████████████████████████████████████████████| 200/200 [03:34<00:00,  1.07s/it]
Epoch 1/50, Train Loss: 0.1913
100%|██████████████████████████████████████████████████████████████████████████████████████████████████████| 1000/1000 [00:58<00:00, 17.04it/s]
Epoch 1/50, Validation Loss: 1.5906, Validation Accuracy: 0.2000
Validation accuracy improved to 0.2000, saving model...
Testing best model on test set...
100%|████████████████████████████████████████████████████████████████████████████████████████████████████████| 950/950 [00:55<00:00, 17.05it/s]
Epoch 1/50, Test Loss: 1.5914, Test Accuracy: 0.2020
Epoch 2/50
100%|████████████████████████████████████████████████████████████████████████████████████████████████████████| 200/200 [03:37<00:00,  1.09s/it]
Epoch 2/50, Train Loss: 0.1352
100%|██████████████████████████████████████████████████████████████████████████████████████████████████████| 1000/1000 [00:58<00:00, 17.03it/s]
Epoch 2/50, Validation Loss: 1.5459, Validation Accuracy: 0.2582
Validation accuracy improved to 0.2582, saving model...
Testing best model on test set...
100%|████████████████████████████████████████████████████████████████████████████████████████████████████████| 950/950 [00:55<00:00, 17.08it/s]
Epoch 2/50, Test Loss: 1.5486, Test Accuracy: 0.2555
Epoch 3/50
100%|████████████████████████████████████████████████████████████████████████████████████████████████████████| 200/200 [03:35<00:00,  1.08s/it]
Epoch 3/50, Train Loss: 0.1143
100%|██████████████████████████████████████████████████████████████████████████████████████████████████████| 1000/1000 [00:58<00:00, 17.00it/s]
Epoch 3/50, Validation Loss: 1.6793, Validation Accuracy: 0.2490
Epoch 4/50
100%|████████████████████████████████████████████████████████████████████████████████████████████████████████| 200/200 [03:36<00:00,  1.08s/it]
Epoch 4/50, Train Loss: 0.1066
100%|██████████████████████████████████████████████████████████████████████████████████████████████████████| 1000/1000 [00:58<00:00, 17.03it/s]
Epoch 4/50, Validation Loss: 1.8644, Validation Accuracy: 0.2437
Epoch 5/50
100%|████████████████████████████████████████████████████████████████████████████████████████████████████████| 200/200 [03:35<00:00,  1.08s/it]
Epoch 5/50, Train Loss: 0.1103
100%|██████████████████████████████████████████████████████████████████████████████████████████████████████| 1000/1000 [00:58<00:00, 17.05it/s]
Epoch 5/50, Validation Loss: 2.1264, Validation Accuracy: 0.2484
Epoch 6/50
100%|████████████████████████████████████████████████████████████████████████████████████████████████████████| 200/200 [03:34<00:00,  1.07s/it]
Epoch 6/50, Train Loss: 0.1083
100%|██████████████████████████████████████████████████████████████████████████████████████████████████████| 1000/1000 [00:58<00:00, 17.06it/s]
Epoch 6/50, Validation Loss: 2.0562, Validation Accuracy: 0.2114
Epoch 7/50
100%|████████████████████████████████████████████████████████████████████████████████████████████████████████| 200/200 [03:36<00:00,  1.08s/it]
Epoch 7/50, Train Loss: 0.1047
100%|██████████████████████████████████████████████████████████████████████████████████████████████████████| 1000/1000 [00:58<00:00, 17.05it/s]
Epoch 7/50, Validation Loss: 2.0696, Validation Accuracy: 0.2491
Epoch 8/50
100%|████████████████████████████████████████████████████████████████████████████████████████████████████████| 200/200 [03:34<00:00,  1.07s/it]
Epoch 8/50, Train Loss: 0.1193
100%|██████████████████████████████████████████████████████████████████████████████████████████████████████| 1000/1000 [00:58<00:00, 17.03it/s]
Epoch 8/50, Validation Loss: 2.1733, Validation Accuracy: 0.2304
Epoch 9/50
100%|████████████████████████████████████████████████████████████████████████████████████████████████████████| 200/200 [03:35<00:00,  1.08s/it]
Epoch 9/50, Train Loss: 0.1117
100%|██████████████████████████████████████████████████████████████████████████████████████████████████████| 1000/1000 [00:58<00:00, 17.04it/s]
Epoch 9/50, Validation Loss: 2.1385, Validation Accuracy: 0.2470
Epoch 10/50
100%|████████████████████████████████████████████████████████████████████████████████████████████████████████| 200/200 [03:35<00:00,  1.08s/it]
Epoch 10/50, Train Loss: 0.1078
100%|██████████████████████████████████████████████████████████████████████████████████████████████████████| 1000/1000 [00:58<00:00, 17.08it/s]
Epoch 10/50, Validation Loss: 2.2292, Validation Accuracy: 0.2306
Epoch 11/50
100%|████████████████████████████████████████████████████████████████████████████████████████████████████████| 200/200 [03:34<00:00,  1.07s/it]
Epoch 11/50, Train Loss: 0.1094
100%|██████████████████████████████████████████████████████████████████████████████████████████████████████| 1000/1000 [00:58<00:00, 17.02it/s]
Epoch 11/50, Validation Loss: 2.1180, Validation Accuracy: 0.2519
Epoch 12/50
100%|████████████████████████████████████████████████████████████████████████████████████████████████████████| 200/200 [03:35<00:00,  1.08s/it]
Epoch 12/50, Train Loss: 0.0956
100%|██████████████████████████████████████████████████████████████████████████████████████████████████████| 1000/1000 [00:58<00:00, 17.11it/s]
Epoch 12/50, Validation Loss: 2.2419, Validation Accuracy: 0.2504
Epoch 13/50
100%|████████████████████████████████████████████████████████████████████████████████████████████████████████| 200/200 [03:34<00:00,  1.07s/it]
Epoch 13/50, Train Loss: 0.0967
100%|██████████████████████████████████████████████████████████████████████████████████████████████████████| 1000/1000 [00:58<00:00, 17.02it/s]
Epoch 13/50, Validation Loss: 2.2078, Validation Accuracy: 0.2544
Epoch 14/50
100%|████████████████████████████████████████████████████████████████████████████████████████████████████████| 200/200 [03:35<00:00,  1.08s/it]
Epoch 14/50, Train Loss: 0.1004
100%|██████████████████████████████████████████████████████████████████████████████████████████████████████| 1000/1000 [00:58<00:00, 17.05it/s]
Epoch 14/50, Validation Loss: 2.0172, Validation Accuracy: 0.2507
Epoch 15/50
100%|████████████████████████████████████████████████████████████████████████████████████████████████████████| 200/200 [03:36<00:00,  1.08s/it]
Epoch 15/50, Train Loss: 0.1015
100%|██████████████████████████████████████████████████████████████████████████████████████████████████████| 1000/1000 [00:58<00:00, 17.04it/s]
Epoch 15/50, Validation Loss: 2.1656, Validation Accuracy: 0.2550
Epoch 16/50
100%|████████████████████████████████████████████████████████████████████████████████████████████████████████| 200/200 [03:35<00:00,  1.08s/it]
Epoch 16/50, Train Loss: 0.0933
100%|██████████████████████████████████████████████████████████████████████████████████████████████████████| 1000/1000 [00:58<00:00, 17.04it/s]
Epoch 16/50, Validation Loss: 2.4470, Validation Accuracy: 0.2507
Epoch 17/50
100%|████████████████████████████████████████████████████████████████████████████████████████████████████████| 200/200 [03:35<00:00,  1.08s/it]
Epoch 17/50, Train Loss: 0.0893
100%|██████████████████████████████████████████████████████████████████████████████████████████████████████| 1000/1000 [00:58<00:00, 17.03it/s]
Epoch 17/50, Validation Loss: 2.5014, Validation Accuracy: 0.2499
Epoch 18/50
100%|████████████████████████████████████████████████████████████████████████████████████████████████████████| 200/200 [03:34<00:00,  1.07s/it]
Epoch 18/50, Train Loss: 0.0906
100%|██████████████████████████████████████████████████████████████████████████████████████████████████████| 1000/1000 [00:58<00:00, 17.04it/s]
Epoch 18/50, Validation Loss: 2.4420, Validation Accuracy: 0.2506
Epoch 19/50
100%|████████████████████████████████████████████████████████████████████████████████████████████████████████| 200/200 [03:35<00:00,  1.08s/it]
Epoch 19/50, Train Loss: 0.0951
100%|██████████████████████████████████████████████████████████████████████████████████████████████████████| 1000/1000 [00:58<00:00, 17.03it/s]
Epoch 19/50, Validation Loss: 1.9929, Validation Accuracy: 0.2744
Validation accuracy improved to 0.2744, saving model...
Testing best model on test set...
100%|████████████████████████████████████████████████████████████████████████████████████████████████████████| 950/950 [00:55<00:00, 17.04it/s]
Epoch 19/50, Test Loss: 1.9985, Test Accuracy: 0.2699
Epoch 20/50
100%|████████████████████████████████████████████████████████████████████████████████████████████████████████| 200/200 [03:36<00:00,  1.08s/it]
Epoch 20/50, Train Loss: 0.1006
100%|██████████████████████████████████████████████████████████████████████████████████████████████████████| 1000/1000 [00:58<00:00, 17.05it/s]
Epoch 20/50, Validation Loss: 2.1158, Validation Accuracy: 0.3099
Validation accuracy improved to 0.3099, saving model...
Testing best model on test set...
100%|████████████████████████████████████████████████████████████████████████████████████████████████████████| 950/950 [00:55<00:00, 17.06it/s]
Epoch 20/50, Test Loss: 2.1159, Test Accuracy: 0.3154
Epoch 21/50
100%|████████████████████████████████████████████████████████████████████████████████████████████████████████| 200/200 [03:35<00:00,  1.08s/it]
Epoch 21/50, Train Loss: 0.1057
100%|██████████████████████████████████████████████████████████████████████████████████████████████████████| 1000/1000 [00:58<00:00, 17.02it/s]
Epoch 21/50, Validation Loss: 2.0054, Validation Accuracy: 0.2830
Epoch 22/50
100%|████████████████████████████████████████████████████████████████████████████████████████████████████████| 200/200 [03:34<00:00,  1.07s/it]
Epoch 22/50, Train Loss: 0.1205
100%|██████████████████████████████████████████████████████████████████████████████████████████████████████| 1000/1000 [00:58<00:00, 17.07it/s]
Epoch 22/50, Validation Loss: 2.2780, Validation Accuracy: 0.3024
Epoch 23/50
100%|████████████████████████████████████████████████████████████████████████████████████████████████████████| 200/200 [03:35<00:00,  1.08s/it]
Epoch 23/50, Train Loss: 0.1121
100%|██████████████████████████████████████████████████████████████████████████████████████████████████████| 1000/1000 [00:58<00:00, 17.08it/s]
Epoch 23/50, Validation Loss: 2.3055, Validation Accuracy: 0.2614
Epoch 24/50
100%|████████████████████████████████████████████████████████████████████████████████████████████████████████| 200/200 [03:37<00:00,  1.09s/it]
Epoch 24/50, Train Loss: 0.0956
100%|██████████████████████████████████████████████████████████████████████████████████████████████████████| 1000/1000 [00:58<00:00, 17.10it/s]
Epoch 24/50, Validation Loss: 2.2985, Validation Accuracy: 0.3361
Validation accuracy improved to 0.3361, saving model...
Testing best model on test set...
100%|████████████████████████████████████████████████████████████████████████████████████████████████████████| 950/950 [00:55<00:00, 17.07it/s]
Epoch 24/50, Test Loss: 2.3053, Test Accuracy: 0.3339
Epoch 25/50
100%|████████████████████████████████████████████████████████████████████████████████████████████████████████| 200/200 [03:34<00:00,  1.07s/it]
Epoch 25/50, Train Loss: 0.1134
100%|██████████████████████████████████████████████████████████████████████████████████████████████████████| 1000/1000 [00:58<00:00, 17.03it/s]
Epoch 25/50, Validation Loss: 2.1368, Validation Accuracy: 0.3573
Validation accuracy improved to 0.3573, saving model...
Testing best model on test set...
100%|████████████████████████████████████████████████████████████████████████████████████████████████████████| 950/950 [00:55<00:00, 17.06it/s]
Epoch 25/50, Test Loss: 2.1444, Test Accuracy: 0.3571
Epoch 26/50
100%|████████████████████████████████████████████████████████████████████████████████████████████████████████| 200/200 [03:36<00:00,  1.08s/it]
Epoch 26/50, Train Loss: 0.1108
100%|██████████████████████████████████████████████████████████████████████████████████████████████████████| 1000/1000 [00:58<00:00, 17.01it/s]
Epoch 26/50, Validation Loss: 2.0642, Validation Accuracy: 0.3852
Validation accuracy improved to 0.3852, saving model...
Testing best model on test set...
100%|████████████████████████████████████████████████████████████████████████████████████████████████████████| 950/950 [00:55<00:00, 17.05it/s]
Epoch 26/50, Test Loss: 2.0720, Test Accuracy: 0.3863
Epoch 27/50
100%|████████████████████████████████████████████████████████████████████████████████████████████████████████| 200/200 [03:37<00:00,  1.09s/it]
Epoch 27/50, Train Loss: 0.1182
100%|██████████████████████████████████████████████████████████████████████████████████████████████████████| 1000/1000 [00:58<00:00, 17.02it/s]
Epoch 27/50, Validation Loss: 2.4694, Validation Accuracy: 0.3137
Epoch 28/50
100%|████████████████████████████████████████████████████████████████████████████████████████████████████████| 200/200 [03:34<00:00,  1.07s/it]
Epoch 28/50, Train Loss: 0.1127
100%|██████████████████████████████████████████████████████████████████████████████████████████████████████| 1000/1000 [00:58<00:00, 17.02it/s]
Epoch 28/50, Validation Loss: 2.3109, Validation Accuracy: 0.4196
Validation accuracy improved to 0.4196, saving model...
Testing best model on test set...
100%|████████████████████████████████████████████████████████████████████████████████████████████████████████| 950/950 [00:55<00:00, 17.04it/s]
Epoch 28/50, Test Loss: 2.3167, Test Accuracy: 0.4187
Epoch 29/50
100%|████████████████████████████████████████████████████████████████████████████████████████████████████████| 200/200 [03:35<00:00,  1.08s/it]
Epoch 29/50, Train Loss: 0.1058
100%|██████████████████████████████████████████████████████████████████████████████████████████████████████| 1000/1000 [00:58<00:00, 17.05it/s]
Epoch 29/50, Validation Loss: 2.4007, Validation Accuracy: 0.4109
Epoch 30/50
100%|████████████████████████████████████████████████████████████████████████████████████████████████████████| 200/200 [03:36<00:00,  1.08s/it]
Epoch 30/50, Train Loss: 0.1190
100%|██████████████████████████████████████████████████████████████████████████████████████████████████████| 1000/1000 [00:58<00:00, 17.03it/s]
Epoch 30/50, Validation Loss: 2.3775, Validation Accuracy: 0.4062
Epoch 31/50
100%|████████████████████████████████████████████████████████████████████████████████████████████████████████| 200/200 [03:35<00:00,  1.08s/it]
Epoch 31/50, Train Loss: 0.1101
100%|██████████████████████████████████████████████████████████████████████████████████████████████████████| 1000/1000 [00:58<00:00, 17.04it/s]
Epoch 31/50, Validation Loss: 2.0522, Validation Accuracy: 0.4612
Validation accuracy improved to 0.4612, saving model...
Testing best model on test set...
100%|████████████████████████████████████████████████████████████████████████████████████████████████████████| 950/950 [00:55<00:00, 17.06it/s]
Epoch 31/50, Test Loss: 2.0583, Test Accuracy: 0.4607
Epoch 32/50
100%|████████████████████████████████████████████████████████████████████████████████████████████████████████| 200/200 [03:37<00:00,  1.09s/it]
Epoch 32/50, Train Loss: 0.1018
100%|██████████████████████████████████████████████████████████████████████████████████████████████████████| 1000/1000 [00:58<00:00, 17.06it/s]
Epoch 32/50, Validation Loss: 1.9732, Validation Accuracy: 0.4769
Validation accuracy improved to 0.4769, saving model...
Testing best model on test set...
100%|████████████████████████████████████████████████████████████████████████████████████████████████████████| 950/950 [00:55<00:00, 17.09it/s]
Epoch 32/50, Test Loss: 1.9773, Test Accuracy: 0.4758
Epoch 33/50
100%|████████████████████████████████████████████████████████████████████████████████████████████████████████| 200/200 [03:35<00:00,  1.08s/it]
Epoch 33/50, Train Loss: 0.0934
100%|██████████████████████████████████████████████████████████████████████████████████████████████████████| 1000/1000 [00:58<00:00, 17.02it/s]
Epoch 33/50, Validation Loss: 2.2282, Validation Accuracy: 0.4490
Epoch 34/50
100%|████████████████████████████████████████████████████████████████████████████████████████████████████████| 200/200 [03:37<00:00,  1.09s/it]
Epoch 34/50, Train Loss: 0.1020
100%|██████████████████████████████████████████████████████████████████████████████████████████████████████| 1000/1000 [00:58<00:00, 17.05it/s]
Epoch 34/50, Validation Loss: 2.3000, Validation Accuracy: 0.4542
Epoch 35/50
100%|████████████████████████████████████████████████████████████████████████████████████████████████████████| 200/200 [03:33<00:00,  1.07s/it]
Epoch 35/50, Train Loss: 0.1068
100%|██████████████████████████████████████████████████████████████████████████████████████████████████████| 1000/1000 [00:58<00:00, 17.00it/s]
Epoch 35/50, Validation Loss: 2.3728, Validation Accuracy: 0.4118
Epoch 36/50
100%|████████████████████████████████████████████████████████████████████████████████████████████████████████| 200/200 [03:36<00:00,  1.08s/it]
Epoch 36/50, Train Loss: 0.0980
100%|██████████████████████████████████████████████████████████████████████████████████████████████████████| 1000/1000 [00:58<00:00, 17.09it/s]
Epoch 36/50, Validation Loss: 2.4410, Validation Accuracy: 0.4676
Epoch 37/50
100%|████████████████████████████████████████████████████████████████████████████████████████████████████████| 200/200 [03:36<00:00,  1.08s/it]
Epoch 37/50, Train Loss: 0.0845
100%|██████████████████████████████████████████████████████████████████████████████████████████████████████| 1000/1000 [00:58<00:00, 17.01it/s]
Epoch 37/50, Validation Loss: 2.4352, Validation Accuracy: 0.4856
Validation accuracy improved to 0.4856, saving model...
Testing best model on test set...
100%|████████████████████████████████████████████████████████████████████████████████████████████████████████| 950/950 [00:55<00:00, 17.06it/s]
Epoch 37/50, Test Loss: 2.4362, Test Accuracy: 0.4845
Epoch 38/50
100%|████████████████████████████████████████████████████████████████████████████████████████████████████████| 200/200 [03:35<00:00,  1.08s/it]
Epoch 38/50, Train Loss: 0.0873
100%|██████████████████████████████████████████████████████████████████████████████████████████████████████| 1000/1000 [00:58<00:00, 17.01it/s]
Epoch 38/50, Validation Loss: 2.5161, Validation Accuracy: 0.4883
Validation accuracy improved to 0.4883, saving model...
Testing best model on test set...
100%|████████████████████████████████████████████████████████████████████████████████████████████████████████| 950/950 [00:55<00:00, 17.04it/s]
Epoch 38/50, Test Loss: 2.5208, Test Accuracy: 0.4880
Epoch 39/50
100%|████████████████████████████████████████████████████████████████████████████████████████████████████████| 200/200 [03:35<00:00,  1.08s/it]
Epoch 39/50, Train Loss: 0.0977
100%|██████████████████████████████████████████████████████████████████████████████████████████████████████| 1000/1000 [00:58<00:00, 17.03it/s]
Epoch 39/50, Validation Loss: 2.5972, Validation Accuracy: 0.4739
Epoch 40/50
100%|████████████████████████████████████████████████████████████████████████████████████████████████████████| 200/200 [03:35<00:00,  1.08s/it]
Epoch 40/50, Train Loss: 0.0864
100%|██████████████████████████████████████████████████████████████████████████████████████████████████████| 1000/1000 [00:58<00:00, 17.03it/s]
Epoch 40/50, Validation Loss: 2.6407, Validation Accuracy: 0.4896
Validation accuracy improved to 0.4896, saving model...
Testing best model on test set...
100%|████████████████████████████████████████████████████████████████████████████████████████████████████████| 950/950 [00:55<00:00, 17.06it/s]
Epoch 40/50, Test Loss: 2.6433, Test Accuracy: 0.4896
Epoch 41/50
100%|████████████████████████████████████████████████████████████████████████████████████████████████████████| 200/200 [03:34<00:00,  1.07s/it]
Epoch 41/50, Train Loss: 0.0826
100%|██████████████████████████████████████████████████████████████████████████████████████████████████████| 1000/1000 [00:58<00:00, 17.04it/s]
Epoch 41/50, Validation Loss: 2.6714, Validation Accuracy: 0.4903
Validation accuracy improved to 0.4903, saving model...
Testing best model on test set...
100%|████████████████████████████████████████████████████████████████████████████████████████████████████████| 950/950 [00:55<00:00, 17.14it/s]
Epoch 41/50, Test Loss: 2.6766, Test Accuracy: 0.4893
Epoch 42/50
100%|████████████████████████████████████████████████████████████████████████████████████████████████████████| 200/200 [03:35<00:00,  1.08s/it]
Epoch 42/50, Train Loss: 0.0857
100%|██████████████████████████████████████████████████████████████████████████████████████████████████████| 1000/1000 [00:58<00:00, 17.03it/s]
Epoch 42/50, Validation Loss: 2.6516, Validation Accuracy: 0.4826
Epoch 43/50
100%|████████████████████████████████████████████████████████████████████████████████████████████████████████| 200/200 [03:36<00:00,  1.08s/it]
Epoch 43/50, Train Loss: 0.0875
100%|██████████████████████████████████████████████████████████████████████████████████████████████████████| 1000/1000 [00:58<00:00, 17.03it/s]
Epoch 43/50, Validation Loss: 2.5306, Validation Accuracy: 0.4891
Epoch 44/50
100%|████████████████████████████████████████████████████████████████████████████████████████████████████████| 200/200 [03:32<00:00,  1.06s/it]
Epoch 44/50, Train Loss: 0.0904
100%|██████████████████████████████████████████████████████████████████████████████████████████████████████| 1000/1000 [00:58<00:00, 17.03it/s]
Epoch 44/50, Validation Loss: 2.6435, Validation Accuracy: 0.4893
Epoch 45/50
100%|████████████████████████████████████████████████████████████████████████████████████████████████████████| 200/200 [03:35<00:00,  1.08s/it]
Epoch 45/50, Train Loss: 0.0779
100%|██████████████████████████████████████████████████████████████████████████████████████████████████████| 1000/1000 [00:58<00:00, 17.02it/s]
Epoch 45/50, Validation Loss: 2.7055, Validation Accuracy: 0.4846
Epoch 46/50
100%|████████████████████████████████████████████████████████████████████████████████████████████████████████| 200/200 [03:34<00:00,  1.07s/it]
Epoch 46/50, Train Loss: 0.0896
100%|██████████████████████████████████████████████████████████████████████████████████████████████████████| 1000/1000 [00:58<00:00, 17.01it/s]
Epoch 46/50, Validation Loss: 2.5723, Validation Accuracy: 0.4899
Epoch 47/50
100%|████████████████████████████████████████████████████████████████████████████████████████████████████████| 200/200 [03:36<00:00,  1.08s/it]
Epoch 47/50, Train Loss: 0.0874
100%|██████████████████████████████████████████████████████████████████████████████████████████████████████| 1000/1000 [00:58<00:00, 17.00it/s]
Epoch 47/50, Validation Loss: 2.4602, Validation Accuracy: 0.4846
Epoch 48/50
100%|████████████████████████████████████████████████████████████████████████████████████████████████████████| 200/200 [03:36<00:00,  1.08s/it]
Epoch 48/50, Train Loss: 0.0925
100%|██████████████████████████████████████████████████████████████████████████████████████████████████████| 1000/1000 [00:58<00:00, 17.03it/s]
Epoch 48/50, Validation Loss: 2.3992, Validation Accuracy: 0.4879
Epoch 49/50
100%|████████████████████████████████████████████████████████████████████████████████████████████████████████| 200/200 [03:36<00:00,  1.08s/it]
Epoch 49/50, Train Loss: 0.0854
100%|██████████████████████████████████████████████████████████████████████████████████████████████████████| 1000/1000 [00:58<00:00, 17.03it/s]
Epoch 49/50, Validation Loss: 2.6754, Validation Accuracy: 0.4288
Epoch 50/50
100%|████████████████████████████████████████████████████████████████████████████████████████████████████████| 200/200 [03:35<00:00,  1.08s/it]Epoch 50/50, Train Loss: 0.1314
100%|██████████████████████████████████████████████████████████████████████████████████████████████████████| 1000/1000 [00:58<00:00, 17.02it/s]
Epoch 50/50, Validation Loss: 2.3698, Validation Accuracy: 0.4730
Training complete.