Loading AG News train data from src/data/train/agnews_train.csv
AG News train data loaded with 120000 samples
Reduced AG News train data to 40000 samples
Loading AG News test data from src/data/test/agnews_test.csv
AG News test data loaded with 7600 samples
Injecting symmetric noise with ratio 0.7
Detected 4 classes: [0, 1, 2, 3]
Injected noise into 28000 samples.
Number of classes in AGNews dataset: 4
Loading BERT model from bert-base-uncased
Setting up optimizers and losses...
No warm-up-completed models. Training from scratch.
Warmup training for Network 1
Warmup training for Network 2
Evaluating training data at epoch 0 for Model 1
GMM Means: [0.61783319 0.32169315]
GMM Covariances: [0.01284142 0.02211426]
Evaluating training data at epoch 0 for Model 2
GMM Means: [0.55282939 0.31823934]
GMM Covariances: [0.02371978 0.01612655]
Evaluating models at epoch 0
Test data size: 7600
Epoch: 0, Test Loss: 1.1911, Test Accuracy: 0.8109, Test F1 Score: 0.7996
Warmup training for Network 1
Warmup training for Network 2
Evaluating training data at epoch 1 for Model 1
GMM Means: [0.53305036 0.32846277]
GMM Covariances: [0.00788814 0.00894085]
Evaluating training data at epoch 1 for Model 2
GMM Means: [0.41234585 0.6009729 ]
GMM Covariances: [0.00898386 0.00769759]
Evaluating models at epoch 1
Test data size: 7600
Epoch: 1, Test Loss: 1.1414, Test Accuracy: 0.7295, Test F1 Score: 0.7198
Warmup training for Network 1
Warmup training for Network 2
Evaluating training data at epoch 2 for Model 1
GMM Means: [0.16467822 0.33374768]
GMM Covariances: [0.00573443 0.00861834]
Evaluating training data at epoch 2 for Model 2
GMM Means: [0.33647013 0.14590193]
GMM Covariances: [0.01265513 0.0058723 ]
Evaluating models at epoch 2
Test data size: 7600
Epoch: 2, Test Loss: 1.3566, Test Accuracy: 0.4450, Test F1 Score: 0.4373
Warmup training for Network 1
Warmup training for Network 2
Evaluating training data at epoch 3 for Model 1
GMM Means: [0.01236314 0.16111598]
GMM Covariances: [0.00082633 0.01177476]
Evaluating training data at epoch 3 for Model 2
GMM Means: [0.1700571  0.01185359]
GMM Covariances: [0.01614065 0.0008221 ]
Evaluating models at epoch 3
Test data size: 7600
Epoch: 3, Test Loss: 2.8481, Test Accuracy: 0.3668, Test F1 Score: 0.3570
Warmup training for Network 1
