Loading IMDB data from src/data/train/imdb.csv
IMDB data loaded with 50000 samples
Injecting symmetric noise with ratio 0.2
Injected noise into 8000 samples
Loading BERT model from bert-base-uncased
Setting up optimizers and losses...
Warmup training for Network 1
Warmup training for Network 2
Evaluating models at epoch 0
Test data size: 10000
Epoch: 0, Test Accuracy: 0.9241, Test F1 Score: 0.9241
Evaluating training data at epoch 0 for Model 1
Evaluating training data at epoch 0 for Model 2
Warmup training for Network 1
Warmup training for Network 2
Evaluating models at epoch 1
Test data size: 10000
Epoch: 1, Test Accuracy: 0.9285, Test F1 Score: 0.9285
Evaluating training data at epoch 1 for Model 1
Evaluating training data at epoch 1 for Model 2
Warmup training for Network 1
Warmup training for Network 2
Evaluating models at epoch 2
Test data size: 10000
Epoch: 2, Test Accuracy: 0.9203, Test F1 Score: 0.9203
Evaluating training data at epoch 2 for Model 1
Evaluating training data at epoch 2 for Model 2
Warmup training for Network 1
Warmup training for Network 2
Evaluating models at epoch 3
Test data size: 10000
Epoch: 3, Test Accuracy: 0.9042, Test F1 Score: 0.9041
Evaluating training data at epoch 3 for Model 1
Evaluating training data at epoch 3 for Model 2
Warmup training for Network 1
Warmup training for Network 2
Evaluating models at epoch 4
Test data size: 10000
Epoch: 4, Test Accuracy: 0.8959, Test F1 Score: 0.8959
Evaluating training data at epoch 4 for Model 1
Evaluating training data at epoch 4 for Model 2
Training for Network 1
labelled data size: 35475
unlabelled data size: 4525
Training for Network 2
labelled data size: 35154
unlabelled data size: 4846
Evaluating models at epoch 5
Test data size: 10000
Epoch: 5, Test Accuracy: 0.8986, Test F1 Score: 0.8986
Evaluating training data at epoch 5 for Model 1
Evaluating training data at epoch 5 for Model 2
Training for Network 1
labelled data size: 34792
unlabelled data size: 5208
