Loading training data from agnews_train.csv and test data from agnews_test.csv
Loading AG News train data from src/data/train/agnews_train.csv
AG News train data loaded with 120000 samples
Reduced AG News train data to 40000 samples
Loading AG News test data from src/data/test/agnews_test.csv
AG News test data loaded with 7600 samples
Injecting symmetric noise with ratio 0.7
Detected 4 classes: [0, 1, 2, 3]
Injected noise into 28000 samples.
Number of classes in AGNews dataset: 4
Loading BERT model from bert-base-uncased
Setting up optimizers and losses...
No warm-up-completed models. Training from scratch.
Warmup training for Network 1
Warmup training for Network 2
Evaluating training data at epoch 0 for Model 1
Evaluating training data at epoch 0 for Model 2
Epoch 0 | sep1=0.2639, sep2=0.2650, avg=0.2644
New best GMM separation found at epoch 0: 0.2644
Evaluating models at epoch 0
Test data size: 7600
Epoch: 0, Test Loss: 1.1921, Test Accuracy: 0.7943, Test F1 Score: 0.7971
Warmup training for Network 1
Warmup training for Network 2
Evaluating training data at epoch 1 for Model 1
Evaluating training data at epoch 1 for Model 2
Epoch 1 | sep1=0.1396, sep2=0.1568, avg=0.1482
No significant improvement in GMM separation at epoch 1. Current best: 0.2644 at epoch 0
Evaluating models at epoch 1
Test data size: 7600
Epoch: 1, Test Loss: 1.1013, Test Accuracy: 0.7236, Test F1 Score: 0.7195
Warmup training for Network 1
Warmup training for Network 2
Evaluating training data at epoch 2 for Model 1
Evaluating training data at epoch 2 for Model 2
Epoch 2 | sep1=0.1800, sep2=0.1741, avg=0.1771
No significant improvement in GMM separation at epoch 2. Current best: 0.2644 at epoch 0
Early stopping triggered at epoch 2 due to no significant GMM separation improvement for 2 epochs.
Evaluating models at epoch 2
Test data size: 7600
Epoch: 2, Test Loss: 1.3344, Test Accuracy: 0.4439, Test F1 Score: 0.4420
Restoring best state from epoch 0 with GMM separation 0.2644
Training for Network 1
labelled data size: 18047
unlabelled data size: 21953
Loss: 0.9493, Lx: 0.7623, Lu: 0.1366, Penalty: 0.0504
Training for Network 2
labelled data size: 15269
unlabelled data size: 24731
Loss: 0.9228, Lx: 0.7119, Lu: 0.1674, Penalty: 0.0435
Evaluating training data at epoch 3 for Model 1
Evaluating training data at epoch 3 for Model 2
Evaluating models at epoch 3
Test data size: 7600
Epoch: 3, Test Loss: 0.5913, Test Accuracy: 0.8255, Test F1 Score: 0.8264
Training for Network 1
labelled data size: 15351
unlabelled data size: 24649
Loss: 0.7204, Lx: 0.5724, Lu: 0.1255, Penalty: 0.0225
Training for Network 2
labelled data size: 18965
unlabelled data size: 21035
Loss: 0.9982, Lx: 0.8101, Lu: 0.1638, Penalty: 0.0243
Evaluating training data at epoch 4 for Model 1
Evaluating training data at epoch 4 for Model 2
Evaluating models at epoch 4
Test data size: 7600
Epoch: 4, Test Loss: 0.6743, Test Accuracy: 0.8391, Test F1 Score: 0.8389
Training for Network 1
labelled data size: 16026
unlabelled data size: 23974
Loss: 0.7318, Lx: 0.5702, Lu: 0.1351, Penalty: 0.0264
Training for Network 2
labelled data size: 14751
unlabelled data size: 25249
Loss: 0.6761, Lx: 0.5048, Lu: 0.1498, Penalty: 0.0214
Evaluating training data at epoch 5 for Model 1
Evaluating training data at epoch 5 for Model 2
Evaluating models at epoch 5
Test data size: 7600
Epoch: 5, Test Loss: 0.7910, Test Accuracy: 0.8346, Test F1 Score: 0.8342
Training for Network 1
labelled data size: 15089
unlabelled data size: 24911
Loss: 0.6562, Lx: 0.4861, Lu: 0.1494, Penalty: 0.0206
Training for Network 2
labelled data size: 15466
unlabelled data size: 24534
Loss: 0.6914, Lx: 0.5184, Lu: 0.1481, Penalty: 0.0250
Evaluating training data at epoch 6 for Model 1
Evaluating training data at epoch 6 for Model 2
Evaluating models at epoch 6
Test data size: 7600
Epoch: 6, Test Loss: 0.7992, Test Accuracy: 0.8441, Test F1 Score: 0.8436
Training for Network 1
labelled data size: 15280
unlabelled data size: 24720
Loss: 0.6307, Lx: 0.4588, Lu: 0.1488, Penalty: 0.0231
Training for Network 2
labelled data size: 15098
unlabelled data size: 24902
Loss: 0.6275, Lx: 0.4513, Lu: 0.1549, Penalty: 0.0214
Evaluating training data at epoch 7 for Model 1
Evaluating training data at epoch 7 for Model 2
Evaluating models at epoch 7
Test data size: 7600
Epoch: 7, Test Loss: 0.8950, Test Accuracy: 0.8409, Test F1 Score: 0.8409
Training for Network 1
labelled data size: 15331
unlabelled data size: 24669
Loss: 0.6356, Lx: 0.4520, Lu: 0.1619, Penalty: 0.0217
Training for Network 2
labelled data size: 15294
unlabelled data size: 24706
Loss: 0.5975, Lx: 0.4261, Lu: 0.1476, Penalty: 0.0238
Evaluating training data at epoch 8 for Model 1
Evaluating training data at epoch 8 for Model 2
Evaluating models at epoch 8
Test data size: 7600
Epoch: 8, Test Loss: 0.9049, Test Accuracy: 0.8432, Test F1 Score: 0.8423
Training for Network 1
labelled data size: 15353
unlabelled data size: 24647
Loss: 0.6090, Lx: 0.4259, Lu: 0.1604, Penalty: 0.0227
Training for Network 2
labelled data size: 15324
unlabelled data size: 24676
Loss: 0.5918, Lx: 0.4153, Lu: 0.1528, Penalty: 0.0238
Evaluating training data at epoch 9 for Model 1
Evaluating training data at epoch 9 for Model 2
Evaluating models at epoch 9
Test data size: 7600
Epoch: 9, Test Loss: 0.9177, Test Accuracy: 0.8389, Test F1 Score: 0.8390
Training for Network 1
labelled data size: 15439
unlabelled data size: 24561
Loss: 0.5894, Lx: 0.4099, Lu: 0.1553, Penalty: 0.0243
Training for Network 2
labelled data size: 15391
unlabelled data size: 24609
Loss: 0.5702, Lx: 0.4004, Lu: 0.1479, Penalty: 0.0220
Evaluating training data at epoch 10 for Model 1
Evaluating training data at epoch 10 for Model 2
Evaluating models at epoch 10
Test data size: 7600
Epoch: 10, Test Loss: 0.9881, Test Accuracy: 0.8400, Test F1 Score: 0.8399
Training for Network 1
labelled data size: 15421
unlabelled data size: 24579
Loss: 0.5571, Lx: 0.3807, Lu: 0.1539, Penalty: 0.0225
Training for Network 2
labelled data size: 15414
unlabelled data size: 24586
Loss: 0.5327, Lx: 0.3682, Lu: 0.1397, Penalty: 0.0248
Evaluating training data at epoch 11 for Model 1
Evaluating training data at epoch 11 for Model 2
Evaluating models at epoch 11
Test data size: 7600
Epoch: 11, Test Loss: 0.9959, Test Accuracy: 0.8414, Test F1 Score: 0.8413
Training for Network 1
labelled data size: 15444
unlabelled data size: 24556
Loss: 0.5252, Lx: 0.3634, Lu: 0.1372, Penalty: 0.0246
Training for Network 2
labelled data size: 15420
unlabelled data size: 24580
Loss: 0.5610, Lx: 0.3890, Lu: 0.1487, Penalty: 0.0234
Evaluating training data at epoch 12 for Model 1
Evaluating training data at epoch 12 for Model 2
Evaluating models at epoch 12
Test data size: 7600
Epoch: 12, Test Loss: 1.0093, Test Accuracy: 0.8393, Test F1 Score: 0.8390
Training for Network 1
labelled data size: 15452
unlabelled data size: 24548
Loss: 0.5249, Lx: 0.3690, Lu: 0.1311, Penalty: 0.0249
Training for Network 2
labelled data size: 15418
unlabelled data size: 24582
Loss: 0.5151, Lx: 0.3610, Lu: 0.1309, Penalty: 0.0232
Evaluating training data at epoch 13 for Model 1
Evaluating training data at epoch 13 for Model 2
Evaluating models at epoch 13
Test data size: 7600
Epoch: 13, Test Loss: 1.0584, Test Accuracy: 0.8358, Test F1 Score: 0.8356
Training for Network 1
labelled data size: 15441
unlabelled data size: 24559
Loss: 0.5006, Lx: 0.3544, Lu: 0.1216, Penalty: 0.0246
Training for Network 2
labelled data size: 15444
unlabelled data size: 24556
Loss: 0.4794, Lx: 0.3430, Lu: 0.1117, Penalty: 0.0247
Evaluating training data at epoch 14 for Model 1
Evaluating training data at epoch 14 for Model 2
Evaluating models at epoch 14
Test data size: 7600
Epoch: 14, Test Loss: 1.0583, Test Accuracy: 0.8416, Test F1 Score: 0.8412
Training for Network 1
labelled data size: 15450
unlabelled data size: 24550
Loss: 0.4534, Lx: 0.3246, Lu: 0.1039, Penalty: 0.0248
Training for Network 2
labelled data size: 15444
unlabelled data size: 24556
Loss: 0.4590, Lx: 0.3379, Lu: 0.0979, Penalty: 0.0232
Evaluating training data at epoch 15 for Model 1
Evaluating training data at epoch 15 for Model 2
Evaluating models at epoch 15
Test data size: 7600
Epoch: 15, Test Loss: 1.0865, Test Accuracy: 0.8361, Test F1 Score: 0.8361
Training for Network 1
labelled data size: 15462
unlabelled data size: 24538
Loss: 0.4425, Lx: 0.3244, Lu: 0.0934, Penalty: 0.0247
Training for Network 2
labelled data size: 15458
unlabelled data size: 24542
Loss: 0.4561, Lx: 0.3376, Lu: 0.0944, Penalty: 0.0241
Evaluating training data at epoch 16 for Model 1
Evaluating training data at epoch 16 for Model 2
Evaluating models at epoch 16
Test data size: 7600
Epoch: 16, Test Loss: 1.0975, Test Accuracy: 0.8354, Test F1 Score: 0.8350
Training for Network 1
labelled data size: 15456
unlabelled data size: 24544
Loss: 0.4305, Lx: 0.3183, Lu: 0.0881, Penalty: 0.0240
Training for Network 2
labelled data size: 15465
unlabelled data size: 24535
Loss: 0.4327, Lx: 0.3230, Lu: 0.0849, Penalty: 0.0248
Evaluating training data at epoch 17 for Model 1
Evaluating training data at epoch 17 for Model 2
Evaluating models at epoch 17
Test data size: 7600
Epoch: 17, Test Loss: 1.1157, Test Accuracy: 0.8370, Test F1 Score: 0.8366
Training for Network 1
labelled data size: 15467
unlabelled data size: 24533
Loss: 0.4248, Lx: 0.3233, Lu: 0.0762, Penalty: 0.0253
Training for Network 2
labelled data size: 15454
unlabelled data size: 24546
Loss: 0.4086, Lx: 0.3021, Lu: 0.0817, Penalty: 0.0249
Evaluating training data at epoch 18 for Model 1
Evaluating training data at epoch 18 for Model 2
Evaluating models at epoch 18
Test data size: 7600
Epoch: 18, Test Loss: 1.1188, Test Accuracy: 0.8361, Test F1 Score: 0.8359
Training for Network 1
labelled data size: 15458
unlabelled data size: 24542
Loss: 0.4039, Lx: 0.3038, Lu: 0.0742, Penalty: 0.0260
Training for Network 2
labelled data size: 15472
unlabelled data size: 24528
Loss: 0.4139, Lx: 0.3134, Lu: 0.0732, Penalty: 0.0273
Evaluating training data at epoch 19 for Model 1
Evaluating training data at epoch 19 for Model 2
Evaluating models at epoch 19
Test data size: 7600
Epoch: 19, Test Loss: 1.1830, Test Accuracy: 0.8246, Test F1 Score: 0.8238
Training for Network 1
labelled data size: 15469
unlabelled data size: 24531
Loss: 0.4163, Lx: 0.3196, Lu: 0.0722, Penalty: 0.0246
Training for Network 2
labelled data size: 15494
unlabelled data size: 24506
Loss: 0.3992, Lx: 0.3089, Lu: 0.0663, Penalty: 0.0239
Evaluating training data at epoch 20 for Model 1
Evaluating training data at epoch 20 for Model 2
Evaluating models at epoch 20
Test data size: 7600
Epoch: 20, Test Loss: 1.0754, Test Accuracy: 0.8382, Test F1 Score: 0.8384
Training for Network 1
labelled data size: 15472
unlabelled data size: 24528
Loss: 0.3929, Lx: 0.3066, Lu: 0.0623, Penalty: 0.0240
Training for Network 2
labelled data size: 15464
unlabelled data size: 24536
Loss: 0.3848, Lx: 0.2992, Lu: 0.0598, Penalty: 0.0258
Evaluating training data at epoch 21 for Model 1
Evaluating training data at epoch 21 for Model 2
Evaluating models at epoch 21
Test data size: 7600
Epoch: 21, Test Loss: 1.1000, Test Accuracy: 0.8409, Test F1 Score: 0.8410
Training for Network 1
labelled data size: 15479
unlabelled data size: 24521
Loss: 0.3762, Lx: 0.2936, Lu: 0.0569, Penalty: 0.0257
Training for Network 2
labelled data size: 15462
unlabelled data size: 24538
Loss: 0.3655, Lx: 0.2880, Lu: 0.0523, Penalty: 0.0252
Evaluating training data at epoch 22 for Model 1
Evaluating training data at epoch 22 for Model 2
Evaluating models at epoch 22
Test data size: 7600
Epoch: 22, Test Loss: 1.1105, Test Accuracy: 0.8422, Test F1 Score: 0.8420
Training for Network 1
labelled data size: 15472
unlabelled data size: 24528
Loss: 0.3803, Lx: 0.2990, Lu: 0.0559, Penalty: 0.0253
Training for Network 2
labelled data size: 15471
unlabelled data size: 24529
Loss: 0.3756, Lx: 0.2922, Lu: 0.0572, Penalty: 0.0263
Evaluating training data at epoch 23 for Model 1
Evaluating training data at epoch 23 for Model 2
Evaluating models at epoch 23
Test data size: 7600
Epoch: 23, Test Loss: 1.1176, Test Accuracy: 0.8361, Test F1 Score: 0.8357
Training for Network 1
labelled data size: 15480
unlabelled data size: 24520
Loss: 0.3642, Lx: 0.2854, Lu: 0.0537, Penalty: 0.0251
Training for Network 2
labelled data size: 15469
unlabelled data size: 24531
Loss: 0.3492, Lx: 0.2751, Lu: 0.0476, Penalty: 0.0265
Evaluating training data at epoch 24 for Model 1
Evaluating training data at epoch 24 for Model 2
Evaluating models at epoch 24
Test data size: 7600
Epoch: 24, Test Loss: 1.1245, Test Accuracy: 0.8393, Test F1 Score: 0.8392
Training for Network 1
labelled data size: 15472
unlabelled data size: 24528
Loss: 0.3471, Lx: 0.2750, Lu: 0.0458, Penalty: 0.0262
Training for Network 2
labelled data size: 15475
unlabelled data size: 24525
Loss: 0.3328, Lx: 0.2645, Lu: 0.0420, Penalty: 0.0263
Evaluating training data at epoch 25 for Model 1
Evaluating training data at epoch 25 for Model 2
Evaluating models at epoch 25
Test data size: 7600
Epoch: 25, Test Loss: 1.1582, Test Accuracy: 0.8380, Test F1 Score: 0.8374
Training for Network 1
labelled data size: 15475
unlabelled data size: 24525
Loss: 0.3360, Lx: 0.2640, Lu: 0.0460, Penalty: 0.0261
Training for Network 2
labelled data size: 15480
unlabelled data size: 24520
Loss: 0.3419, Lx: 0.2714, Lu: 0.0433, Penalty: 0.0272
Evaluating training data at epoch 26 for Model 1
Evaluating training data at epoch 26 for Model 2
Evaluating models at epoch 26
Test data size: 7600
Epoch: 26, Test Loss: 1.1764, Test Accuracy: 0.8380, Test F1 Score: 0.8374
Training for Network 1
labelled data size: 15483
unlabelled data size: 24517
Loss: 0.3604, Lx: 0.2843, Lu: 0.0511, Penalty: 0.0251
Training for Network 2
labelled data size: 15482
unlabelled data size: 24518
Loss: 0.3495, Lx: 0.2842, Lu: 0.0406, Penalty: 0.0247
Evaluating training data at epoch 27 for Model 1
Evaluating training data at epoch 27 for Model 2
Evaluating models at epoch 27
Test data size: 7600
Epoch: 27, Test Loss: 1.1354, Test Accuracy: 0.8386, Test F1 Score: 0.8379
Training for Network 1
labelled data size: 15484
unlabelled data size: 24516
Loss: 0.3407, Lx: 0.2739, Lu: 0.0400, Penalty: 0.0268
Training for Network 2
labelled data size: 15483
unlabelled data size: 24517
Loss: 0.3444, Lx: 0.2743, Lu: 0.0435, Penalty: 0.0267
Evaluating training data at epoch 28 for Model 1
Evaluating training data at epoch 28 for Model 2
Evaluating models at epoch 28
Test data size: 7600
Epoch: 28, Test Loss: 1.1359, Test Accuracy: 0.8388, Test F1 Score: 0.8387
Training for Network 1
labelled data size: 15479
unlabelled data size: 24521
Loss: 0.3432, Lx: 0.2799, Lu: 0.0378, Penalty: 0.0254
Training for Network 2
labelled data size: 15489
unlabelled data size: 24511
Loss: 0.3382, Lx: 0.2746, Lu: 0.0386, Penalty: 0.0251
Evaluating training data at epoch 29 for Model 1
Evaluating training data at epoch 29 for Model 2
Evaluating models at epoch 29
Test data size: 7600
Epoch: 29, Test Loss: 1.0961, Test Accuracy: 0.8437, Test F1 Score: 0.8438
Saving evaluation results and predictions...
Evaluation Report:
{'0': {'precision': 0.8240237271379139, 'recall': 0.8773684210526316, 'f1-score': 0.849859801172572, 'support': 1900.0}, '1': {'precision': 0.9452819653824679, 'recall': 0.8910526315789473, 'f1-score': 0.9173665673259279, 'support': 1900.0}, '2': {'precision': 0.8377581120943953, 'recall': 0.7473684210526316, 'f1-score': 0.7899860917941586, 'support': 1900.0}, '3': {'precision': 0.7804878048780488, 'recall': 0.8589473684210527, 'f1-score': 0.8178401403157104, 'support': 1900.0}, 'accuracy': 0.8436842105263158, 'macro avg': {'precision': 0.8468879023732065, 'recall': 0.8436842105263158, 'f1-score': 0.8437631501520922, 'support': 7600.0}, 'weighted avg': {'precision': 0.8468879023732065, 'recall': 0.8436842105263158, 'f1-score': 0.8437631501520921, 'support': 7600.0}}
Evaluation results saved to src/data/eval/metrics_agnews_test_dividemix_0.7.json
Predictions saved to src/data/eval/evaluated_agnews_test_dividemix_0.7.csv
