Using Yahoo Answers dataset for training.
Loading Yahoo train data from src/data/train/yahoo_train.csv
Yahoo train data loaded with 1400000 samples
Reduced Yahoo train data to 42000 samples
Loading Yahoo tratestin data from src/data/test/yahoo_test.csv
Yahoo test data loaded with 60000 samples
Injecting symmetric noise to Yahoo Answers dataset.
Injecting symmetric noise with ratio 0.5
Detected 10 classes: [0, 1, 2, 3, 4, 5, 6, 7, 8, 9]
Injected noise into 21000 samples.
Loaded 42000 training samples.
Loading BERT model from bert-base-uncased with head type mlp
Using device: cuda
Model loaded and moved to cuda
Starting training with batch size 32...
Number of batches: 1313
Starting training...
Epoch 1/30
Using Yahoo Answers dataset for training.
Loading Yahoo train data from src/data/train/yahoo_train.csv
Yahoo train data loaded with 1400000 samples
Reduced Yahoo train data to 42000 samples
Loading Yahoo tratestin data from src/data/test/yahoo_test.csv
Yahoo test data loaded with 60000 samples
Injecting symmetric noise to Yahoo Answers dataset.
Injecting symmetric noise with ratio 0.5
Detected 10 classes: [0, 1, 2, 3, 4, 5, 6, 7, 8, 9]
Injected noise into 21000 samples.
Loaded 42000 training samples.
Loading BERT model from bert-base-uncased with head type mlp
Using device: cuda
Model loaded and moved to cuda
Starting training with batch size 32...
Number of batches: 1313
Starting training...
Epoch 1/30
Train Loss: 2.0830, F1: 0.3156, Accuracy: 0.3217
Testing model on test data at epoch 1
