Loading Yahoo train data from src/data/train/yahoo_train.csv
Yahoo train data loaded with 1400000 samples
Reduced Yahoo train data to 42000 samples
Loading Yahoo tratestin data from src/data/test/yahoo_test.csv
Yahoo test data loaded with 60000 samples
Injecting symmetric noise with ratio 0.5
Detected 10 classes: [0, 1, 2, 3, 4, 5, 6, 7, 8, 9]
Injected noise into 21000 samples.
Number of classes in Yahoo dataset: 10
Loading BERT model from bert-base-uncased
Setting up optimizers and losses...
No warm-up-completed models. Training from scratch.
Warmup training for Network 1
Warmup training for Network 2
Evaluating training data at epoch 0 for Model 1
Evaluating training data at epoch 0 for Model 2
Evaluating models at epoch 0
Test data size: 60000
Epoch: 0, Test Loss: 2.0651, Test Accuracy: 0.2388, Test F1 Score: 0.1368
Warmup training for Network 1
Warmup training for Network 2
Evaluating training data at epoch 1 for Model 1
Evaluating training data at epoch 1 for Model 2
Evaluating models at epoch 1
Test data size: 60000
Epoch: 1, Test Loss: 1.8303, Test Accuracy: 0.3622, Test F1 Score: 0.2912
Warmup training for Network 1
Warmup training for Network 2
Evaluating training data at epoch 2 for Model 1
Evaluating training data at epoch 2 for Model 2
Evaluating models at epoch 2
Test data size: 60000
Epoch: 2, Test Loss: 1.9134, Test Accuracy: 0.3897, Test F1 Score: 0.3594
Warmup training for Network 1
Warmup training for Network 2
Evaluating training data at epoch 3 for Model 1
Evaluating training data at epoch 3 for Model 2
