Using IMDB dataset for training.
Loading IMDB data from src/data/train/imdb.csv
IMDB data loaded with 50000 samples
Injecting symmetric noise with ratio 0.2
Injected noise into 8000 samples
Loaded 40000 training samples.
Loading BERT model from bert-base-uncased with head type linear
Using device: cuda
Model loaded and moved to cuda
Starting training with batch size 64...
Number of batches: 625
Starting training...
Epoch 1/20
Train Loss: 0.5694, F1: 0.7293, Accuracy: 0.7316
Testing model on test data at epoch 1
Test Loss: 0.3269
Test Accuracy: 0.9194
Test F1 Score: 0.9176
Epoch 2/20
Train Loss: 0.5273, F1: 0.7696, Accuracy: 0.7717
Testing model on test data at epoch 2
Test Loss: 0.3456
Test Accuracy: 0.9231
Test F1 Score: 0.9241
Epoch 3/20
Train Loss: 0.4888, F1: 0.7995, Accuracy: 0.8007
Testing model on test data at epoch 3
Test Loss: 0.3213
Test Accuracy: 0.9146
Test F1 Score: 0.9160
Epoch 4/20
Train Loss: 0.4388, F1: 0.8290, Accuracy: 0.8305
Testing model on test data at epoch 4
Test Loss: 0.3561
Test Accuracy: 0.9020
Test F1 Score: 0.9014
Epoch 5/20
Train Loss: 0.3849, F1: 0.8522, Accuracy: 0.8537
Testing model on test data at epoch 5
Test Loss: 0.3769
Test Accuracy: 0.8913
Test F1 Score: 0.8909
Epoch 6/20
Train Loss: 0.3293, F1: 0.8710, Accuracy: 0.8719
Testing model on test data at epoch 6
Test Loss: 0.4415
Test Accuracy: 0.8696
Test F1 Score: 0.8609
Epoch 7/20
Train Loss: 0.2684, F1: 0.8929, Accuracy: 0.8929
Testing model on test data at epoch 7
Test Loss: 0.4271
Test Accuracy: 0.8727
Test F1 Score: 0.8724
Epoch 8/20
Train Loss: 0.2046, F1: 0.9181, Accuracy: 0.9178
Testing model on test data at epoch 8
Test Loss: 0.5875
Test Accuracy: 0.7905
Test F1 Score: 0.8047
Epoch 9/20
Train Loss: 0.1500, F1: 0.9422, Accuracy: 0.9423
Testing model on test data at epoch 9
Test Loss: 0.5732
Test Accuracy: 0.8110
Test F1 Score: 0.8150
Epoch 10/20
Train Loss: 0.1080, F1: 0.9598, Accuracy: 0.9599
Testing model on test data at epoch 10
Test Loss: 0.6442
Test Accuracy: 0.8157
Test F1 Score: 0.8077
Epoch 11/20
Train Loss: 0.0770, F1: 0.9714, Accuracy: 0.9715
Testing model on test data at epoch 11
Test Loss: 0.6776
Test Accuracy: 0.8062
Test F1 Score: 0.8100
Epoch 12/20
Train Loss: 0.0597, F1: 0.9800, Accuracy: 0.9801
Testing model on test data at epoch 12
Test Loss: 0.7298
Test Accuracy: 0.8260
Test F1 Score: 0.8168
Epoch 13/20
Train Loss: 0.0575, F1: 0.9807, Accuracy: 0.9808
Testing model on test data at epoch 13
Test Loss: 0.6428
Test Accuracy: 0.8324
Test F1 Score: 0.8237
Epoch 14/20
Train Loss: 0.0536, F1: 0.9810, Accuracy: 0.9811
Testing model on test data at epoch 14
Test Loss: 0.7557
Test Accuracy: 0.7907
Test F1 Score: 0.7900
Epoch 15/20
Train Loss: 0.0440, F1: 0.9847, Accuracy: 0.9848
Testing model on test data at epoch 15
Test Loss: 0.6152
Test Accuracy: 0.8399
Test F1 Score: 0.8393
Epoch 16/20
Train Loss: 0.0389, F1: 0.9871, Accuracy: 0.9871
Testing model on test data at epoch 16
Test Loss: 0.6573
Test Accuracy: 0.8341
Test F1 Score: 0.8370
Epoch 17/20
Train Loss: 0.0395, F1: 0.9862, Accuracy: 0.9863
Testing model on test data at epoch 17
Test Loss: 0.9540
Test Accuracy: 0.7423
Test F1 Score: 0.7181
Epoch 18/20
Train Loss: 0.0367, F1: 0.9877, Accuracy: 0.9878
Testing model on test data at epoch 18
Test Loss: 0.7422
Test Accuracy: 0.8241
Test F1 Score: 0.8168
Epoch 19/20
Train Loss: 0.0324, F1: 0.9892, Accuracy: 0.9893
Testing model on test data at epoch 19
Test Loss: 0.7716
Test Accuracy: 0.7979
Test F1 Score: 0.7934
Epoch 20/20
Train Loss: 0.0337, F1: 0.9878, Accuracy: 0.9879
Testing model on test data at epoch 20
Test Loss: 0.7152
Test Accuracy: 0.8415
Test F1 Score: 0.8319
Evaluation Report:
{'0': {'precision': 0.800891265597148, 'recall': 0.9056641806087482, 'f1-score': 0.8500614889792829, 'support': 4961.0}, '1': {'precision': 0.8933940774487471, 'recall': 0.7783290335384004, 'f1-score': 0.8319015802312016, 'support': 5039.0}, 'accuracy': 0.8415, 'macro avg': {'precision': 0.8471426715229475, 'recall': 0.8419966070735743, 'f1-score': 0.8409815346052423, 'support': 10000.0}, 'weighted avg': {'precision': 0.8475034324891687, 'recall': 0.8415, 'f1-score': 0.8409107109611247, 'support': 10000.0}}
Evaluation results saved to src/data/eval/metrics_imdb_bert-base-uncased.json
Predictions saved to src/data/eval/evaluated_imdb_bert-base-uncased.csv
Model saved to model_save/bert_model_linear_imdb.pth
