Loading IMDB data from src/data/train/imdb.csv
IMDB data loaded with 50000 samples
Injecting symmetric noise with ratio 0.5
Injected noise into 20000 samples
Loading BERT model from bert-base-uncased
Setting up optimizers and losses...
No warm-up-completed models. Training from scratch.
Warmup training for Network 1
Warmup training for Network 2
Evaluating models at epoch 0
Test data size: 10000
Epoch: 0, Test Loss: 0.6952, Test Accuracy: 0.4977, Test F1 Score: 0.3362
Evaluating training data at epoch 0 for Model 1
Evaluating training data at epoch 0 for Model 2
Warmup training for Network 1
Warmup training for Network 2
Evaluating models at epoch 1
Test data size: 10000
Epoch: 1, Test Loss: 0.7005, Test Accuracy: 0.4946, Test F1 Score: 0.3488
Evaluating training data at epoch 1 for Model 1
Evaluating training data at epoch 1 for Model 2
Warmup training for Network 1
Warmup training for Network 2
Evaluating models at epoch 2
Test data size: 10000
Epoch: 2, Test Loss: 0.6985, Test Accuracy: 0.4853, Test F1 Score: 0.3969
Evaluating training data at epoch 2 for Model 1
Evaluating training data at epoch 2 for Model 2
Warmup training for Network 1
Warmup training for Network 2
Evaluating models at epoch 3
Test data size: 10000
Epoch: 3, Test Loss: 0.6942, Test Accuracy: 0.4652, Test F1 Score: 0.4554
Evaluating training data at epoch 3 for Model 1
Evaluating training data at epoch 3 for Model 2
Warmup training for Network 1
Warmup training for Network 2
