Loading training data from agnews_train.csv and test data from agnews_test.csv
Loading AG News train data from src/data/train/agnews_train.csv
AG News train data loaded with 120000 samples
Reduced AG News train data to 40000 samples
Loading AG News test data from src/data/test/agnews_test.csv
AG News test data loaded with 7600 samples
Injecting symmetric noise with ratio 0.5
Detected 4 classes: [0, 1, 2, 3]
Injected noise into 20000 samples.
Number of classes in AGNews dataset: 4
Loading BERT model from bert-base-uncased
Setting up optimizers and losses...
No warm-up-completed models. Training from scratch.
Warmup training for Network 1
Warmup training for Network 2
Evaluating training data at epoch 0 for Model 1
Evaluating training data at epoch 0 for Model 2
Epoch 0 | sep1=0.0983, sep2=0.1416, avg=0.1200
New best GMM separation found at epoch 0: 0.1200
Evaluating models at epoch 0
Test data size: 7600
Epoch: 0, Test Loss: 1.3043, Test Accuracy: 0.4726, Test F1 Score: 0.4587
Warmup training for Network 1
Warmup training for Network 2
Evaluating training data at epoch 1 for Model 1
Evaluating training data at epoch 1 for Model 2
Epoch 1 | sep1=0.1087, sep2=0.1387, avg=0.1237
New best GMM separation found at epoch 1: 0.1237
Evaluating models at epoch 1
Test data size: 7600
Epoch: 1, Test Loss: 1.2437, Test Accuracy: 0.5621, Test F1 Score: 0.5571
Warmup training for Network 1
Warmup training for Network 2
Evaluating training data at epoch 2 for Model 1
Evaluating training data at epoch 2 for Model 2
Epoch 2 | sep1=0.1511, sep2=0.1528, avg=0.1519
New best GMM separation found at epoch 2: 0.1519
Evaluating models at epoch 2
Test data size: 7600
Epoch: 2, Test Loss: 1.1975, Test Accuracy: 0.5863, Test F1 Score: 0.5806
Warmup training for Network 1
Warmup training for Network 2
Evaluating training data at epoch 3 for Model 1
Evaluating training data at epoch 3 for Model 2
Epoch 3 | sep1=0.1264, sep2=0.1180, avg=0.1222
No significant improvement in GMM separation at epoch 3. Current best: 0.1519 at epoch 2
Evaluating models at epoch 3
Test data size: 7600
Epoch: 3, Test Loss: 1.1613, Test Accuracy: 0.6103, Test F1 Score: 0.6046
Warmup training for Network 1
Warmup training for Network 2
Evaluating training data at epoch 4 for Model 1
Evaluating training data at epoch 4 for Model 2
Epoch 4 | sep1=0.1315, sep2=0.1351, avg=0.1333
No significant improvement in GMM separation at epoch 4. Current best: 0.1519 at epoch 2
Early stopping triggered at epoch 4 due to no significant GMM separation improvement for 2 epochs.
Evaluating models at epoch 4
Test data size: 7600
Epoch: 4, Test Loss: 1.1275, Test Accuracy: 0.6362, Test F1 Score: 0.6290
Restoring best state from epoch 2 with GMM separation 0.1519
Training for Network 1
labelled data size: 13465
unlabelled data size: 26535
Loss: 1.3517, Lx: 1.3297, Lu: 0.0000, Penalty: 0.0220
Training for Network 2
labelled data size: 28835
unlabelled data size: 11165
Loss: 1.3840, Lx: 1.3790, Lu: 0.0000, Penalty: 0.0050
Evaluating training data at epoch 5 for Model 1
Evaluating training data at epoch 5 for Model 2
Evaluating models at epoch 5
Test data size: 7600
Epoch: 5, Test Loss: 1.1306, Test Accuracy: 0.6280, Test F1 Score: 0.6189
Training for Network 1
labelled data size: 19717
unlabelled data size: 20283
Loss: 1.3704, Lx: 1.3658, Lu: 0.0000, Penalty: 0.0046
Training for Network 2
labelled data size: 16308
unlabelled data size: 23692
Loss: 1.3451, Lx: 1.3358, Lu: 0.0000, Penalty: 0.0093
Evaluating training data at epoch 6 for Model 1
Evaluating training data at epoch 6 for Model 2
Evaluating models at epoch 6
Test data size: 7600
Epoch: 6, Test Loss: 1.1408, Test Accuracy: 0.5946, Test F1 Score: 0.5840
Training for Network 1
labelled data size: 21172
unlabelled data size: 18828
Loss: 1.3274, Lx: 1.3211, Lu: 0.0000, Penalty: 0.0064
Training for Network 2
labelled data size: 14807
unlabelled data size: 25193
Loss: 1.2794, Lx: 1.2567, Lu: 0.0000, Penalty: 0.0227
Evaluating training data at epoch 7 for Model 1
Evaluating training data at epoch 7 for Model 2
Evaluating models at epoch 7
Test data size: 7600
Epoch: 7, Test Loss: 1.1595, Test Accuracy: 0.5457, Test F1 Score: 0.5331
Training for Network 1
labelled data size: 22764
unlabelled data size: 17236
Loss: 1.2957, Lx: 1.2812, Lu: 0.0000, Penalty: 0.0145
Training for Network 2
labelled data size: 15119
unlabelled data size: 24881
Loss: 1.2396, Lx: 1.2063, Lu: 0.0000, Penalty: 0.0333
Evaluating training data at epoch 8 for Model 1
Evaluating training data at epoch 8 for Model 2
Evaluating models at epoch 8
Test data size: 7600
Epoch: 8, Test Loss: 1.1861, Test Accuracy: 0.4763, Test F1 Score: 0.4544
Training for Network 1
labelled data size: 24962
unlabelled data size: 15038
Loss: 1.2714, Lx: 1.2495, Lu: 0.0000, Penalty: 0.0219
Training for Network 2
labelled data size: 18383
unlabelled data size: 21617
Loss: 1.2294, Lx: 1.1912, Lu: 0.0000, Penalty: 0.0382
Evaluating training data at epoch 9 for Model 1
Evaluating training data at epoch 9 for Model 2
Evaluating models at epoch 9
Test data size: 7600
Epoch: 9, Test Loss: 1.2234, Test Accuracy: 0.4079, Test F1 Score: 0.3660
Training for Network 1
labelled data size: 27432
unlabelled data size: 12568
Loss: 1.2925, Lx: 1.2356, Lu: 0.0246, Penalty: 0.0323
Training for Network 2
labelled data size: 23566
unlabelled data size: 16434
Loss: 1.2717, Lx: 1.2020, Lu: 0.0239, Penalty: 0.0459
Evaluating training data at epoch 10 for Model 1
Evaluating training data at epoch 10 for Model 2
Evaluating models at epoch 10
Test data size: 7600
Epoch: 10, Test Loss: 1.2686, Test Accuracy: 0.3462, Test F1 Score: 0.2747
Training for Network 1
labelled data size: 27921
unlabelled data size: 12079
Loss: 1.3151, Lx: 1.2152, Lu: 0.0531, Penalty: 0.0468
Training for Network 2
labelled data size: 27102
unlabelled data size: 12898
Loss: 1.3185, Lx: 1.2076, Lu: 0.0555, Penalty: 0.0554
Evaluating training data at epoch 11 for Model 1
Evaluating training data at epoch 11 for Model 2
Evaluating models at epoch 11
Test data size: 7600
Epoch: 11, Test Loss: 1.3190, Test Accuracy: 0.3054, Test F1 Score: 0.2065
Training for Network 1
labelled data size: 27101
unlabelled data size: 12899
Loss: 1.3340, Lx: 1.1887, Lu: 0.0796, Penalty: 0.0657
Training for Network 2
labelled data size: 28674
unlabelled data size: 11326
Loss: 1.3611, Lx: 1.2079, Lu: 0.0875, Penalty: 0.0657
Evaluating training data at epoch 12 for Model 1
Evaluating training data at epoch 12 for Model 2
Evaluating models at epoch 12
Test data size: 7600
Epoch: 12, Test Loss: 1.3522, Test Accuracy: 0.2943, Test F1 Score: 0.1859
Training for Network 1
labelled data size: 28258
unlabelled data size: 11742
Loss: 1.3740, Lx: 1.1921, Lu: 0.1060, Penalty: 0.0758
Training for Network 2
labelled data size: 29601
unlabelled data size: 10399
Loss: 1.3966, Lx: 1.2130, Lu: 0.1089, Penalty: 0.0747
Evaluating training data at epoch 13 for Model 1
Evaluating training data at epoch 13 for Model 2
Evaluating models at epoch 13
Test data size: 7600
Epoch: 13, Test Loss: 1.3742, Test Accuracy: 0.2941, Test F1 Score: 0.1848
Training for Network 1
labelled data size: 29170
unlabelled data size: 10830
Loss: 1.4115, Lx: 1.2000, Lu: 0.1287, Penalty: 0.0828
Training for Network 2
labelled data size: 29990
unlabelled data size: 10010
Loss: 1.4220, Lx: 1.2125, Lu: 0.1285, Penalty: 0.0809
Evaluating training data at epoch 14 for Model 1
Evaluating training data at epoch 14 for Model 2
Evaluating models at epoch 14
Test data size: 7600
Epoch: 14, Test Loss: 1.3807, Test Accuracy: 0.3029, Test F1 Score: 0.1979
Training for Network 1
labelled data size: 29890
unlabelled data size: 10110
Loss: 1.4362, Lx: 1.2056, Lu: 0.1444, Penalty: 0.0862
Training for Network 2
labelled data size: 29913
unlabelled data size: 10087
Loss: 1.4316, Lx: 1.2075, Lu: 0.1377, Penalty: 0.0864
Evaluating training data at epoch 15 for Model 1
Evaluating training data at epoch 15 for Model 2
Evaluating models at epoch 15
Test data size: 7600
Epoch: 15, Test Loss: 1.3814, Test Accuracy: 0.3178, Test F1 Score: 0.2177
Training for Network 1
labelled data size: 29184
unlabelled data size: 10816
Loss: 1.4330, Lx: 1.1939, Lu: 0.1464, Penalty: 0.0927
Training for Network 2
labelled data size: 30124
unlabelled data size: 9876
Loss: 1.4433, Lx: 1.2082, Lu: 0.1465, Penalty: 0.0886
Evaluating training data at epoch 16 for Model 1
Evaluating training data at epoch 16 for Model 2
Evaluating models at epoch 16
Test data size: 7600
Epoch: 16, Test Loss: 1.3754, Test Accuracy: 0.3289, Test F1 Score: 0.2316
Training for Network 1
labelled data size: 29285
unlabelled data size: 10715
Loss: 1.4496, Lx: 1.1938, Lu: 0.1617, Penalty: 0.0941
Training for Network 2
labelled data size: 29848
unlabelled data size: 10152
Loss: 1.4511, Lx: 1.2023, Lu: 0.1578, Penalty: 0.0909
Evaluating training data at epoch 17 for Model 1
Evaluating training data at epoch 17 for Model 2
Evaluating models at epoch 17
Test data size: 7600
Epoch: 17, Test Loss: 1.3700, Test Accuracy: 0.3471, Test F1 Score: 0.2510
Training for Network 1
labelled data size: 29301
unlabelled data size: 10699
Loss: 1.4556, Lx: 1.1922, Lu: 0.1687, Penalty: 0.0946
Training for Network 2
labelled data size: 30027
unlabelled data size: 9973
Loss: 1.4689, Lx: 1.2080, Lu: 0.1702, Penalty: 0.0906
Evaluating training data at epoch 18 for Model 1
Evaluating training data at epoch 18 for Model 2
Evaluating models at epoch 18
Test data size: 7600
Epoch: 18, Test Loss: 1.3592, Test Accuracy: 0.3579, Test F1 Score: 0.2650
Training for Network 1
labelled data size: 29605
unlabelled data size: 10395
Loss: 1.4675, Lx: 1.1956, Lu: 0.1786, Penalty: 0.0933
Training for Network 2
labelled data size: 30153
unlabelled data size: 9847
Loss: 1.4818, Lx: 1.2079, Lu: 0.1838, Penalty: 0.0902
Evaluating training data at epoch 19 for Model 1
Evaluating training data at epoch 19 for Model 2
Evaluating models at epoch 19
Test data size: 7600
Epoch: 19, Test Loss: 1.3562, Test Accuracy: 0.3604, Test F1 Score: 0.2694
Training for Network 1
labelled data size: 29875
unlabelled data size: 10125
Loss: 1.4877, Lx: 1.2001, Lu: 0.1955, Penalty: 0.0921
Training for Network 2
labelled data size: 30214
unlabelled data size: 9786
Loss: 1.4864, Lx: 1.2103, Lu: 0.1868, Penalty: 0.0893
Evaluating training data at epoch 20 for Model 1
Evaluating training data at epoch 20 for Model 2
Evaluating models at epoch 20
Test data size: 7600
Epoch: 20, Test Loss: 1.3471, Test Accuracy: 0.3670, Test F1 Score: 0.2823
Training for Network 1
labelled data size: 29819
unlabelled data size: 10181
Loss: 1.4934, Lx: 1.2042, Lu: 0.1994, Penalty: 0.0899
Training for Network 2
labelled data size: 30718
unlabelled data size: 9282
Loss: 1.5059, Lx: 1.2196, Lu: 0.2002, Penalty: 0.0861
Evaluating training data at epoch 21 for Model 1
Evaluating training data at epoch 21 for Model 2
Evaluating models at epoch 21
Test data size: 7600
Epoch: 21, Test Loss: 1.3438, Test Accuracy: 0.3701, Test F1 Score: 0.2850
Training for Network 1
labelled data size: 29615
unlabelled data size: 10385
Loss: 1.4843, Lx: 1.2007, Lu: 0.1955, Penalty: 0.0881
Training for Network 2
labelled data size: 30768
unlabelled data size: 9232
Loss: 1.5082, Lx: 1.2205, Lu: 0.2029, Penalty: 0.0847
Evaluating training data at epoch 22 for Model 1
Evaluating training data at epoch 22 for Model 2
Evaluating models at epoch 22
Test data size: 7600
Epoch: 22, Test Loss: 1.3457, Test Accuracy: 0.3667, Test F1 Score: 0.2841
Training for Network 1
labelled data size: 29805
unlabelled data size: 10195
Loss: 1.4960, Lx: 1.2055, Lu: 0.2037, Penalty: 0.0868
Training for Network 2
labelled data size: 30828
unlabelled data size: 9172
Loss: 1.5092, Lx: 1.2224, Lu: 0.2044, Penalty: 0.0824
Evaluating training data at epoch 23 for Model 1
Evaluating training data at epoch 23 for Model 2
Evaluating models at epoch 23
Test data size: 7600
Epoch: 23, Test Loss: 1.3434, Test Accuracy: 0.3733, Test F1 Score: 0.2908
Training for Network 1
labelled data size: 29830
unlabelled data size: 10170
Loss: 1.4793, Lx: 1.2042, Lu: 0.1913, Penalty: 0.0839
Training for Network 2
labelled data size: 30782
unlabelled data size: 9218
Loss: 1.4955, Lx: 1.2225, Lu: 0.1933, Penalty: 0.0797
Evaluating training data at epoch 24 for Model 1
Evaluating training data at epoch 24 for Model 2
Evaluating models at epoch 24
Test data size: 7600
Epoch: 24, Test Loss: 1.3415, Test Accuracy: 0.3787, Test F1 Score: 0.2975
Training for Network 1
labelled data size: 29898
unlabelled data size: 10102
Loss: 1.4815, Lx: 1.2071, Lu: 0.1926, Penalty: 0.0817
Training for Network 2
labelled data size: 30892
unlabelled data size: 9108
Loss: 1.4915, Lx: 1.2234, Lu: 0.1893, Penalty: 0.0788
Evaluating training data at epoch 25 for Model 1
Evaluating training data at epoch 25 for Model 2
Evaluating models at epoch 25
Test data size: 7600
Epoch: 25, Test Loss: 1.3461, Test Accuracy: 0.3775, Test F1 Score: 0.2940
Training for Network 1
labelled data size: 29761
unlabelled data size: 10239
Loss: 1.4640, Lx: 1.2024, Lu: 0.1795, Penalty: 0.0821
Training for Network 2
labelled data size: 30935
unlabelled data size: 9065
Loss: 1.4947, Lx: 1.2236, Lu: 0.1930, Penalty: 0.0781
Evaluating training data at epoch 26 for Model 1
Evaluating training data at epoch 26 for Model 2
Evaluating models at epoch 26
Test data size: 7600
Epoch: 26, Test Loss: 1.3491, Test Accuracy: 0.3738, Test F1 Score: 0.2935
Training for Network 1
labelled data size: 30099
unlabelled data size: 9901
Loss: 1.4729, Lx: 1.2065, Lu: 0.1858, Penalty: 0.0806
Training for Network 2
labelled data size: 30963
unlabelled data size: 9037
Loss: 1.4869, Lx: 1.2237, Lu: 0.1863, Penalty: 0.0769
Evaluating training data at epoch 27 for Model 1
Evaluating training data at epoch 27 for Model 2
Evaluating models at epoch 27
Test data size: 7600
Epoch: 27, Test Loss: 1.3482, Test Accuracy: 0.3711, Test F1 Score: 0.2953
Training for Network 1
labelled data size: 30178
unlabelled data size: 9822
Loss: 1.4716, Lx: 1.2094, Lu: 0.1835, Penalty: 0.0787
Training for Network 2
labelled data size: 31158
unlabelled data size: 8842
Loss: 1.4917, Lx: 1.2289, Lu: 0.1882, Penalty: 0.0746
Evaluating training data at epoch 28 for Model 1
Evaluating training data at epoch 28 for Model 2
Evaluating models at epoch 28
Test data size: 7600
Epoch: 28, Test Loss: 1.3516, Test Accuracy: 0.3659, Test F1 Score: 0.2902
Training for Network 1
labelled data size: 30361
unlabelled data size: 9639
Loss: 1.4780, Lx: 1.2119, Lu: 0.1881, Penalty: 0.0780
Training for Network 2
labelled data size: 31197
unlabelled data size: 8803
Loss: 1.4835, Lx: 1.2271, Lu: 0.1821, Penalty: 0.0743
Evaluating training data at epoch 29 for Model 1
Evaluating training data at epoch 29 for Model 2
Evaluating models at epoch 29
Test data size: 7600
Epoch: 29, Test Loss: 1.3535, Test Accuracy: 0.3680, Test F1 Score: 0.2890
Training for Network 1
labelled data size: 30344
unlabelled data size: 9656
Loss: 1.4688, Lx: 1.2119, Lu: 0.1799, Penalty: 0.0770
Training for Network 2
labelled data size: 31021
unlabelled data size: 8979
Loss: 1.4812, Lx: 1.2246, Lu: 0.1814, Penalty: 0.0752
Evaluating training data at epoch 30 for Model 1
Evaluating training data at epoch 30 for Model 2
Evaluating models at epoch 30
Test data size: 7600
Epoch: 30, Test Loss: 1.3583, Test Accuracy: 0.3583, Test F1 Score: 0.2800
Training for Network 1
labelled data size: 30525
unlabelled data size: 9475
Loss: 1.4601, Lx: 1.2139, Lu: 0.1696, Penalty: 0.0767
Training for Network 2
labelled data size: 31000
unlabelled data size: 9000
Loss: 1.4832, Lx: 1.2260, Lu: 0.1827, Penalty: 0.0744
Evaluating training data at epoch 31 for Model 1
Evaluating training data at epoch 31 for Model 2
Evaluating models at epoch 31
Test data size: 7600
Epoch: 31, Test Loss: 1.3608, Test Accuracy: 0.3558, Test F1 Score: 0.2756
Training for Network 1
labelled data size: 30463
unlabelled data size: 9537
Loss: 1.4702, Lx: 1.2146, Lu: 0.1790, Penalty: 0.0765
Training for Network 2
labelled data size: 30960
unlabelled data size: 9040
Loss: 1.4743, Lx: 1.2244, Lu: 0.1746, Penalty: 0.0753
Evaluating training data at epoch 32 for Model 1
Evaluating training data at epoch 32 for Model 2
Evaluating models at epoch 32
Test data size: 7600
Epoch: 32, Test Loss: 1.3632, Test Accuracy: 0.3497, Test F1 Score: 0.2682
Training for Network 1
labelled data size: 30535
unlabelled data size: 9465
Loss: 1.4731, Lx: 1.2177, Lu: 0.1801, Penalty: 0.0753
Training for Network 2
labelled data size: 30879
unlabelled data size: 9121
Loss: 1.4748, Lx: 1.2246, Lu: 0.1771, Penalty: 0.0731
Evaluating training data at epoch 33 for Model 1
Evaluating training data at epoch 33 for Model 2
Evaluating models at epoch 33
Test data size: 7600
Epoch: 33, Test Loss: 1.3632, Test Accuracy: 0.3549, Test F1 Score: 0.2727
Training for Network 1
labelled data size: 30394
unlabelled data size: 9606
Loss: 1.4635, Lx: 1.2126, Lu: 0.1758, Penalty: 0.0751
Training for Network 2
labelled data size: 31014
unlabelled data size: 8986
Loss: 1.4762, Lx: 1.2275, Lu: 0.1756, Penalty: 0.0731
Evaluating training data at epoch 34 for Model 1
Evaluating training data at epoch 34 for Model 2
Evaluating models at epoch 34
Test data size: 7600
Epoch: 34, Test Loss: 1.3670, Test Accuracy: 0.3421, Test F1 Score: 0.2604
Training for Network 1
labelled data size: 30587
unlabelled data size: 9413
Loss: 1.4676, Lx: 1.2184, Lu: 0.1746, Penalty: 0.0746
Training for Network 2
labelled data size: 31052
unlabelled data size: 8948
Loss: 1.4716, Lx: 1.2277, Lu: 0.1714, Penalty: 0.0726
Evaluating training data at epoch 35 for Model 1
Evaluating training data at epoch 35 for Model 2
Evaluating models at epoch 35
Test data size: 7600
Epoch: 35, Test Loss: 1.3683, Test Accuracy: 0.3404, Test F1 Score: 0.2555
Training for Network 1
labelled data size: 30377
unlabelled data size: 9623
Loss: 1.4629, Lx: 1.2164, Lu: 0.1723, Penalty: 0.0742
Training for Network 2
labelled data size: 31016
unlabelled data size: 8984
Loss: 1.4768, Lx: 1.2282, Lu: 0.1758, Penalty: 0.0728
Evaluating training data at epoch 36 for Model 1
Evaluating training data at epoch 36 for Model 2
Evaluating models at epoch 36
Test data size: 7600
Epoch: 36, Test Loss: 1.3735, Test Accuracy: 0.3291, Test F1 Score: 0.2410
Training for Network 1
labelled data size: 30536
unlabelled data size: 9464
Loss: 1.4707, Lx: 1.2196, Lu: 0.1773, Penalty: 0.0737
Training for Network 2
labelled data size: 31000
unlabelled data size: 9000
Loss: 1.4676, Lx: 1.2264, Lu: 0.1691, Penalty: 0.0720
Evaluating training data at epoch 37 for Model 1
Evaluating training data at epoch 37 for Model 2
Evaluating models at epoch 37
Test data size: 7600
Epoch: 37, Test Loss: 1.3728, Test Accuracy: 0.3375, Test F1 Score: 0.2506
Training for Network 1
labelled data size: 30354
unlabelled data size: 9646
Loss: 1.4654, Lx: 1.2182, Lu: 0.1739, Penalty: 0.0733
Training for Network 2
labelled data size: 30947
unlabelled data size: 9053
Loss: 1.4702, Lx: 1.2260, Lu: 0.1724, Penalty: 0.0718
Evaluating training data at epoch 38 for Model 1
Evaluating training data at epoch 38 for Model 2
Evaluating models at epoch 38
Test data size: 7600
Epoch: 38, Test Loss: 1.3743, Test Accuracy: 0.3343, Test F1 Score: 0.2477
Training for Network 1
labelled data size: 30598
unlabelled data size: 9402
Loss: 1.4664, Lx: 1.2211, Lu: 0.1731, Penalty: 0.0722
Training for Network 2
labelled data size: 30868
unlabelled data size: 9132
