Using IMDB dataset for training.
Loading IMDB data from src/data/train/imdb.csv
IMDB data loaded with 50000 samples
Injecting symmetric noise with ratio 0.5
Injected noise into 20000 samples
Loaded 40000 training samples.
Loading BERT model from bert-base-uncased with head type linear
Using device: cuda
Model loaded and moved to cuda
Starting training with batch size 32...
Number of batches: 1250
Starting training...
Epoch 1/20
Train Loss: 0.6955, F1: 0.5145, Accuracy: 0.4969
Testing model on test data at epoch 1
Test Loss: 0.6933
Test Accuracy: 0.5039
Test F1 Score: 0.3351
Epoch 2/20
Train Loss: 0.6945, F1: 0.5292, Accuracy: 0.4976
Testing model on test data at epoch 2
Test Loss: 0.6927
Test Accuracy: 0.5039
Test F1 Score: 0.3351
Epoch 3/20
Train Loss: 0.6942, F1: 0.5250, Accuracy: 0.4997
Testing model on test data at epoch 3
Test Loss: 0.6912
Test Accuracy: 0.5511
Test F1 Score: 0.5459
Epoch 4/20
Train Loss: 0.6936, F1: 0.5236, Accuracy: 0.5086
Testing model on test data at epoch 4
Test Loss: 0.6928
Test Accuracy: 0.5141
Test F1 Score: 0.5139
Epoch 5/20
Train Loss: 0.6827, F1: 0.5461, Accuracy: 0.5549
Testing model on test data at epoch 5
Test Loss: 0.7157
Test Accuracy: 0.5056
Test F1 Score: 0.4208
Epoch 6/20
Train Loss: 0.6171, F1: 0.6533, Accuracy: 0.6566
Testing model on test data at epoch 6
Test Loss: 0.8283
Test Accuracy: 0.5141
Test F1 Score: 0.5099
Epoch 7/20
Train Loss: 0.4617, F1: 0.7801, Accuracy: 0.7804
Testing model on test data at epoch 7
Test Loss: 1.0286
Test Accuracy: 0.5055
Test F1 Score: 0.5054
Epoch 8/20
Train Loss: 0.2795, F1: 0.8831, Accuracy: 0.8828
Testing model on test data at epoch 8
Test Loss: 1.2363
Test Accuracy: 0.5109
Test F1 Score: 0.5047
Epoch 9/20
Train Loss: 0.1684, F1: 0.9355, Accuracy: 0.9351
Testing model on test data at epoch 9
Test Loss: 1.5718
Test Accuracy: 0.4936
Test F1 Score: 0.4934
Epoch 10/20
