Loading IMDB data from src/data/train/imdb.csv
IMDB data loaded with 50000 samples
Injecting symmetric noise with ratio 0.5
Injected noise into 20000 samples
Loading BERT model from bert-base-uncased
Setting up optimizers and losses...
No warm-up-completed models. Training from scratch.
Warmup training for Network 1
Warmup training for Network 2
Evaluating models at epoch 0
Test data size: 10000
Epoch: 0, Test Accuracy: 0.5039, Test F1 Score: 0.3377
Evaluating training data at epoch 0 for Model 1
Evaluating training data at epoch 0 for Model 2
Warmup training for Network 1
Warmup training for Network 2
Evaluating models at epoch 1
Test data size: 10000
Epoch: 1, Test Accuracy: 0.4122, Test F1 Score: 0.3824
Evaluating training data at epoch 1 for Model 1
Evaluating training data at epoch 1 for Model 2
Warmup training for Network 1
Warmup training for Network 2
Evaluating models at epoch 2
Test data size: 10000
Epoch: 2, Test Accuracy: 0.5039, Test F1 Score: 0.3377
Evaluating training data at epoch 2 for Model 1
Evaluating training data at epoch 2 for Model 2
Warmup training for Network 1
Warmup training for Network 2
Evaluating models at epoch 3
Test data size: 10000
Epoch: 3, Test Accuracy: 0.4964, Test F1 Score: 0.3300
Evaluating training data at epoch 3 for Model 1
Evaluating training data at epoch 3 for Model 2
Warmup training for Network 1
Warmup training for Network 2
Evaluating models at epoch 4
Test data size: 10000
Epoch: 4, Test Accuracy: 0.4961, Test F1 Score: 0.3290
Evaluating training data at epoch 4 for Model 1
Evaluating training data at epoch 4 for Model 2
Warmup training for Network 1
Warmup training for Network 2
Evaluating models at epoch 5
Test data size: 10000
Epoch: 5, Test Accuracy: 0.5039, Test F1 Score: 0.3377
Evaluating training data at epoch 5 for Model 1
Evaluating training data at epoch 5 for Model 2
Warmup training for Network 1
Warmup training for Network 2
Evaluating models at epoch 6
Test data size: 10000
Epoch: 6, Test Accuracy: 0.4849, Test F1 Score: 0.4835
Evaluating training data at epoch 6 for Model 1
Evaluating training data at epoch 6 for Model 2
Warmup training for Network 1
Warmup training for Network 2
Evaluating models at epoch 7
Test data size: 10000
Epoch: 7, Test Accuracy: 0.4976, Test F1 Score: 0.4806
Evaluating training data at epoch 7 for Model 1
Evaluating training data at epoch 7 for Model 2
Warmup training for Network 1
Warmup training for Network 2
Evaluating models at epoch 8
Test data size: 10000
Epoch: 8, Test Accuracy: 0.5073, Test F1 Score: 0.5004
Evaluating training data at epoch 8 for Model 1
Evaluating training data at epoch 8 for Model 2
Warmup training for Network 1
Warmup training for Network 2
Evaluating models at epoch 9
Test data size: 10000
Epoch: 9, Test Accuracy: 0.5078, Test F1 Score: 0.4906
Evaluating training data at epoch 9 for Model 1
Evaluating training data at epoch 9 for Model 2
Warmup training for Network 1
Warmup training for Network 2
Evaluating models at epoch 10
Test data size: 10000
Epoch: 10, Test Accuracy: 0.5011, Test F1 Score: 0.4976
Evaluating training data at epoch 10 for Model 1
Evaluating training data at epoch 10 for Model 2
Warmup training for Network 1
Warmup training for Network 2
