Loading IMDB data from src/data/train/imdb.csv
IMDB data loaded with 50000 samples
Injecting symmetric noise with ratio 0.5
Injected noise into 20000 samples
Loading BERT model from bert-base-uncased
Setting up optimizers and losses...
Warmup training for Network 1
Loading IMDB data from src/data/train/imdb.csv
IMDB data loaded with 50000 samples
Injecting symmetric noise with ratio 0.5
Injected noise into 20000 samples
Loading BERT model from bert-base-uncased
Setting up optimizers and losses...
Warmup training for Network 1
Loading IMDB data from src/data/train/imdb.csv
IMDB data loaded with 50000 samples
Injecting symmetric noise with ratio 0.5
Injected noise into 20000 samples
Loading BERT model from bert-base-uncased
Setting up optimizers and losses...
Warmup training for Network 1
Warmup training for Network 2
Evaluating models at epoch 0
Test data size: 10000
Epoch: 0, Test Accuracy: 0.4983, Test F1 Score: 0.3371
Evaluating training data at epoch 0 for Model 1
Evaluating training data at epoch 0 for Model 2
Warmup training for Network 1
Warmup training for Network 2
Evaluating models at epoch 1
Test data size: 10000
Epoch: 1, Test Accuracy: 0.4961, Test F1 Score: 0.3290
Evaluating training data at epoch 1 for Model 1
Evaluating training data at epoch 1 for Model 2
Warmup training for Network 1
Warmup training for Network 2
Evaluating models at epoch 2
Test data size: 10000
Epoch: 2, Test Accuracy: 0.5039, Test F1 Score: 0.3377
Evaluating training data at epoch 2 for Model 1
Evaluating training data at epoch 2 for Model 2
Warmup training for Network 1
Warmup training for Network 2
Evaluating models at epoch 3
Test data size: 10000
Epoch: 3, Test Accuracy: 0.4116, Test F1 Score: 0.4108
Evaluating training data at epoch 3 for Model 1
Evaluating training data at epoch 3 for Model 2
Warmup training for Network 1
Warmup training for Network 2
Evaluating models at epoch 4
Test data size: 10000
Epoch: 4, Test Accuracy: 0.4716, Test F1 Score: 0.4647
Evaluating training data at epoch 4 for Model 1
Evaluating training data at epoch 4 for Model 2
