Loading training data from agnews_train.csv and test data from agnews_test.csv
Loading AG News train data from src/data/train/agnews_train.csv
AG News train data loaded with 120000 samples
Reduced AG News train data to 40000 samples
Loading AG News test data from src/data/test/agnews_test.csv
AG News test data loaded with 7600 samples
Injecting symmetric noise with ratio 0.8
Detected 4 classes: [0, 1, 2, 3]
Injected noise into 32000 samples.
Number of classes in AGNews dataset: 4
Loading BERT model from bert-base-uncased
Setting up optimizers and losses...
No warm-up-completed models. Training from scratch.
Warmup training for Network 1
Warmup training for Network 2
Evaluating training data at epoch 0 for Model 1
Evaluating training data at epoch 0 for Model 2
Epoch 0 | sep1=0.2462, sep2=0.1382, avg=0.1922
New best GMM separation found at epoch 0: 0.1922
Evaluating models at epoch 0
Test data size: 7600
Epoch: 0, Test Loss: 1.5829, Test Accuracy: 0.0171, Test F1 Score: 0.0157
Warmup training for Network 1
Warmup training for Network 2
Evaluating training data at epoch 1 for Model 1
Evaluating training data at epoch 1 for Model 2
Epoch 1 | sep1=0.1795, sep2=0.1906, avg=0.1851
No significant improvement in GMM separation at epoch 1. Current best: 0.1922 at epoch 0
Evaluating models at epoch 1
Test data size: 7600
Epoch: 1, Test Loss: 1.6981, Test Accuracy: 0.0455, Test F1 Score: 0.0311
Warmup training for Network 1
Warmup training for Network 2
Evaluating training data at epoch 2 for Model 1
Evaluating training data at epoch 2 for Model 2
Epoch 2 | sep1=0.1832, sep2=0.1844, avg=0.1838
No significant improvement in GMM separation at epoch 2. Current best: 0.1922 at epoch 0
Early stopping triggered at epoch 2 due to no significant GMM separation improvement for 2 epochs.
Evaluating models at epoch 2
Test data size: 7600
Epoch: 2, Test Loss: 2.3068, Test Accuracy: 0.1263, Test F1 Score: 0.1251
Restoring best state from epoch 0 with GMM separation 0.1922
Training for Network 1
labelled data size: 29696
unlabelled data size: 10304
Loss: 1.3612, Lx: 1.1374, Lu: 0.2023, Penalty: 0.0216
Training for Network 2
labelled data size: 34728
unlabelled data size: 5272
Loss: 1.4757, Lx: 1.1924, Lu: 0.2614, Penalty: 0.0220
Evaluating training data at epoch 3 for Model 1
Evaluating training data at epoch 3 for Model 2
Evaluating models at epoch 3
Test data size: 7600
Epoch: 3, Test Loss: 4.6615, Test Accuracy: 0.0721, Test F1 Score: 0.0700
Training for Network 1
labelled data size: 31123
unlabelled data size: 8877
Loading training data from agnews_train.csv and test data from agnews_test.csv
Loading AG News train data from src/data/train/agnews_train.csv
AG News train data loaded with 120000 samples
Reduced AG News train data to 40000 samples
Loading AG News test data from src/data/test/agnews_test.csv
AG News test data loaded with 7600 samples
Injecting symmetric noise with ratio 0.9
Detected 4 classes: [0, 1, 2, 3]
Injected noise into 36000 samples.
Number of classes in AGNews dataset: 4
Loading BERT model from bert-base-uncased
Setting up optimizers and losses...
No warm-up-completed models. Training from scratch.
Warmup training for Network 1
Warmup training for Network 2
Evaluating training data at epoch 0 for Model 1
Evaluating training data at epoch 0 for Model 2
Epoch 0 | sep1=0.4976, sep2=0.4578, avg=0.4777
New best GMM separation found at epoch 0: 0.4777
Evaluating models at epoch 0
Test data size: 7600
Epoch: 0, Test Loss: 2.8228, Test Accuracy: 0.0064, Test F1 Score: 0.0067
Warmup training for Network 1
Warmup training for Network 2
Evaluating training data at epoch 1 for Model 1
Evaluating training data at epoch 1 for Model 2
Epoch 1 | sep1=0.3709, sep2=0.4141, avg=0.3925
No significant improvement in GMM separation at epoch 1. Current best: 0.4777 at epoch 0
Evaluating models at epoch 1
Test data size: 7600
Epoch: 1, Test Loss: 3.0702, Test Accuracy: 0.0088, Test F1 Score: 0.0075
Warmup training for Network 1
Warmup training for Network 2
Evaluating training data at epoch 2 for Model 1
Evaluating training data at epoch 2 for Model 2
Epoch 2 | sep1=0.1142, sep2=0.1506, avg=0.1324
No significant improvement in GMM separation at epoch 2. Current best: 0.4777 at epoch 0
Early stopping triggered at epoch 2 due to no significant GMM separation improvement for 2 epochs.
Evaluating models at epoch 2
Test data size: 7600
Epoch: 2, Test Loss: 3.6682, Test Accuracy: 0.0226, Test F1 Score: 0.0215
Restoring best state from epoch 0 with GMM separation 0.4777
Training for Network 1
labelled data size: 35246
unlabelled data size: 4754
Loss: 1.2989, Lx: 1.1268, Lu: 0.1557, Penalty: 0.0164
Training for Network 2
labelled data size: 34796
unlabelled data size: 5204
Loss: 1.4020, Lx: 1.1335, Lu: 0.2542, Penalty: 0.0143
Evaluating training data at epoch 3 for Model 1
Evaluating training data at epoch 3 for Model 2
Evaluating models at epoch 3
Test data size: 7600
Epoch: 3, Test Loss: 6.6774, Test Accuracy: 0.0118, Test F1 Score: 0.0118
Training for Network 1
labelled data size: 34092
unlabelled data size: 5908
Loss: 1.2922, Lx: 1.0518, Lu: 0.2250, Penalty: 0.0154
Training for Network 2
labelled data size: 34530
unlabelled data size: 5470
Loss: 1.3198, Lx: 1.0760, Lu: 0.2284, Penalty: 0.0154
Evaluating training data at epoch 4 for Model 1
Evaluating training data at epoch 4 for Model 2
Evaluating models at epoch 4
Test data size: 7600
Epoch: 4, Test Loss: 6.7414, Test Accuracy: 0.0163, Test F1 Score: 0.0161
Training for Network 1
labelled data size: 29846
unlabelled data size: 10154
Loss: 1.1591, Lx: 0.8847, Lu: 0.2563, Penalty: 0.0181
Training for Network 2
labelled data size: 29066
unlabelled data size: 10934
Loss: 1.1723, Lx: 0.8737, Lu: 0.2794, Penalty: 0.0192
Evaluating training data at epoch 5 for Model 1
Evaluating training data at epoch 5 for Model 2
Evaluating models at epoch 5
Test data size: 7600
Epoch: 5, Test Loss: 7.2495, Test Accuracy: 0.0164, Test F1 Score: 0.0161
Training for Network 1
labelled data size: 26088
unlabelled data size: 13912
Loss: 1.0464, Lx: 0.7242, Lu: 0.2981, Penalty: 0.0241
Training for Network 2
labelled data size: 26199
unlabelled data size: 13801
Loss: 1.0716, Lx: 0.7392, Lu: 0.3106, Penalty: 0.0218
Evaluating training data at epoch 6 for Model 1
Evaluating training data at epoch 6 for Model 2
Evaluating models at epoch 6
Test data size: 7600
Epoch: 6, Test Loss: 7.5913, Test Accuracy: 0.0166, Test F1 Score: 0.0165
Training for Network 1
labelled data size: 25667
unlabelled data size: 14333
Loss: 0.9895, Lx: 0.6648, Lu: 0.2996, Penalty: 0.0251
Training for Network 2
labelled data size: 25291
unlabelled data size: 14709
Loss: 0.9660, Lx: 0.6335, Lu: 0.3085, Penalty: 0.0241
Evaluating training data at epoch 7 for Model 1
Evaluating training data at epoch 7 for Model 2
Evaluating models at epoch 7
Test data size: 7600
Epoch: 7, Test Loss: 7.7077, Test Accuracy: 0.0186, Test F1 Score: 0.0182
Training for Network 1
labelled data size: 25430
unlabelled data size: 14570
Loss: 0.9128, Lx: 0.6003, Lu: 0.2872, Penalty: 0.0252
Training for Network 2
labelled data size: 25186
unlabelled data size: 14814
Loss: 0.9133, Lx: 0.5832, Lu: 0.3034, Penalty: 0.0267
Evaluating training data at epoch 8 for Model 1
Evaluating training data at epoch 8 for Model 2
Evaluating models at epoch 8
Test data size: 7600
Epoch: 8, Test Loss: 7.8173, Test Accuracy: 0.0204, Test F1 Score: 0.0198
Training for Network 1
labelled data size: 25455
unlabelled data size: 14545
Loss: 0.8316, Lx: 0.5466, Lu: 0.2595, Penalty: 0.0256
Training for Network 2
labelled data size: 25235
unlabelled data size: 14765
Loss: 0.8342, Lx: 0.5316, Lu: 0.2767, Penalty: 0.0259
Evaluating training data at epoch 9 for Model 1
Evaluating training data at epoch 9 for Model 2
Evaluating models at epoch 9
Test data size: 7600
Epoch: 9, Test Loss: 7.9838, Test Accuracy: 0.0203, Test F1 Score: 0.0201
Training for Network 1
labelled data size: 25537
unlabelled data size: 14463
Loss: 0.7969, Lx: 0.5181, Lu: 0.2521, Penalty: 0.0267
Training for Network 2
labelled data size: 25384
unlabelled data size: 14616
Loss: 0.8102, Lx: 0.5170, Lu: 0.2661, Penalty: 0.0272
Evaluating training data at epoch 10 for Model 1
Evaluating training data at epoch 10 for Model 2
Evaluating models at epoch 10
Test data size: 7600
Epoch: 10, Test Loss: 7.9253, Test Accuracy: 0.0199, Test F1 Score: 0.0195
Training for Network 1
labelled data size: 25519
unlabelled data size: 14481
Loss: 0.7601, Lx: 0.4947, Lu: 0.2376, Penalty: 0.0279
Training for Network 2
labelled data size: 25518
unlabelled data size: 14482
Loss: 0.7542, Lx: 0.4896, Lu: 0.2368, Penalty: 0.0278
Evaluating training data at epoch 11 for Model 1
Evaluating training data at epoch 11 for Model 2
Evaluating models at epoch 11
Test data size: 7600
Epoch: 11, Test Loss: 7.9466, Test Accuracy: 0.0200, Test F1 Score: 0.0196
Training for Network 1
labelled data size: 25490
unlabelled data size: 14510
Loss: 0.7244, Lx: 0.4713, Lu: 0.2247, Penalty: 0.0284
Training for Network 2
labelled data size: 25497
unlabelled data size: 14503
Loss: 0.7489, Lx: 0.4804, Lu: 0.2410, Penalty: 0.0274
Evaluating training data at epoch 12 for Model 1
Evaluating training data at epoch 12 for Model 2
Evaluating models at epoch 12
Test data size: 7600
Epoch: 12, Test Loss: 7.9465, Test Accuracy: 0.0208, Test F1 Score: 0.0203
Training for Network 1
labelled data size: 25516
unlabelled data size: 14484
Loss: 0.7016, Lx: 0.4599, Lu: 0.2140, Penalty: 0.0277
Training for Network 2
labelled data size: 25450
unlabelled data size: 14550
Loss: 0.6863, Lx: 0.4532, Lu: 0.2058, Penalty: 0.0273
Evaluating training data at epoch 13 for Model 1
Evaluating training data at epoch 13 for Model 2
Evaluating models at epoch 13
Test data size: 7600
Epoch: 13, Test Loss: 7.8161, Test Accuracy: 0.0201, Test F1 Score: 0.0198
Training for Network 1
labelled data size: 25528
unlabelled data size: 14472
Loss: 0.6822, Lx: 0.4526, Lu: 0.2019, Penalty: 0.0277
Training for Network 2
labelled data size: 25510
unlabelled data size: 14490
Loss: 0.6411, Lx: 0.4248, Lu: 0.1892, Penalty: 0.0271
Evaluating training data at epoch 14 for Model 1
Evaluating training data at epoch 14 for Model 2
Evaluating models at epoch 14
Test data size: 7600
Epoch: 14, Test Loss: 7.9411, Test Accuracy: 0.0205, Test F1 Score: 0.0202
Training for Network 1
labelled data size: 25521
unlabelled data size: 14479
Loss: 0.6278, Lx: 0.4224, Lu: 0.1774, Penalty: 0.0280
Training for Network 2
labelled data size: 25511
unlabelled data size: 14489
Loss: 0.6179, Lx: 0.4175, Lu: 0.1722, Penalty: 0.0282
Evaluating training data at epoch 15 for Model 1
Evaluating training data at epoch 15 for Model 2
Evaluating models at epoch 15
Test data size: 7600
Epoch: 15, Test Loss: 7.8848, Test Accuracy: 0.0204, Test F1 Score: 0.0201
Training for Network 1
labelled data size: 25517
unlabelled data size: 14483
Loss: 0.6075, Lx: 0.4098, Lu: 0.1701, Penalty: 0.0276
Training for Network 2
labelled data size: 25507
unlabelled data size: 14493
Loss: 0.6364, Lx: 0.4273, Lu: 0.1813, Penalty: 0.0279
Evaluating training data at epoch 16 for Model 1
Evaluating training data at epoch 16 for Model 2
Evaluating models at epoch 16
Test data size: 7600
Epoch: 16, Test Loss: 7.8704, Test Accuracy: 0.0209, Test F1 Score: 0.0204
Training for Network 1
labelled data size: 25506
unlabelled data size: 14494
Loss: 0.5885, Lx: 0.3961, Lu: 0.1634, Penalty: 0.0289
Training for Network 2
labelled data size: 25516
unlabelled data size: 14484
Loss: 0.5909, Lx: 0.4026, Lu: 0.1607, Penalty: 0.0275
Evaluating training data at epoch 17 for Model 1
Evaluating training data at epoch 17 for Model 2
Evaluating models at epoch 17
Test data size: 7600
Epoch: 17, Test Loss: 7.9068, Test Accuracy: 0.0211, Test F1 Score: 0.0208
Training for Network 1
labelled data size: 25515
unlabelled data size: 14485
Loss: 0.5961, Lx: 0.4056, Lu: 0.1623, Penalty: 0.0282
Training for Network 2
labelled data size: 25514
unlabelled data size: 14486
Loss: 0.5688, Lx: 0.3911, Lu: 0.1502, Penalty: 0.0275
Evaluating training data at epoch 18 for Model 1
Evaluating training data at epoch 18 for Model 2
Evaluating models at epoch 18
Test data size: 7600
Epoch: 18, Test Loss: 7.7232, Test Accuracy: 0.0214, Test F1 Score: 0.0211
Training for Network 1
labelled data size: 25513
unlabelled data size: 14487
Loss: 0.5837, Lx: 0.4001, Lu: 0.1541, Penalty: 0.0295
Training for Network 2
labelled data size: 25518
unlabelled data size: 14482
Loss: 0.5479, Lx: 0.3775, Lu: 0.1411, Penalty: 0.0293
Evaluating training data at epoch 19 for Model 1
Evaluating training data at epoch 19 for Model 2
Evaluating models at epoch 19
Test data size: 7600
Epoch: 19, Test Loss: 8.0970, Test Accuracy: 0.0199, Test F1 Score: 0.0195
Training for Network 1
labelled data size: 25510
unlabelled data size: 14490
Loss: 0.5313, Lx: 0.3674, Lu: 0.1350, Penalty: 0.0289
Training for Network 2
labelled data size: 25512
unlabelled data size: 14488
Loss: 0.5237, Lx: 0.3633, Lu: 0.1313, Penalty: 0.0291
Evaluating training data at epoch 20 for Model 1
Evaluating training data at epoch 20 for Model 2
Evaluating models at epoch 20
Test data size: 7600
Epoch: 20, Test Loss: 7.8861, Test Accuracy: 0.0212, Test F1 Score: 0.0210
Training for Network 1
labelled data size: 25517
unlabelled data size: 14483
Loss: 0.5318, Lx: 0.3709, Lu: 0.1321, Penalty: 0.0288
Training for Network 2
labelled data size: 25508
unlabelled data size: 14492
Loss: 0.5622, Lx: 0.3880, Lu: 0.1458, Penalty: 0.0284
Evaluating training data at epoch 21 for Model 1
Evaluating training data at epoch 21 for Model 2
Evaluating models at epoch 21
Test data size: 7600
Epoch: 21, Test Loss: 8.0825, Test Accuracy: 0.0207, Test F1 Score: 0.0206
Training for Network 1
labelled data size: 25516
unlabelled data size: 14484
Loss: 0.4982, Lx: 0.3490, Lu: 0.1204, Penalty: 0.0287
Training for Network 2
labelled data size: 25515
unlabelled data size: 14485
Loss: 0.4869, Lx: 0.3454, Lu: 0.1137, Penalty: 0.0278
Evaluating training data at epoch 22 for Model 1
Evaluating training data at epoch 22 for Model 2
Evaluating models at epoch 22
Test data size: 7600
Epoch: 22, Test Loss: 8.1443, Test Accuracy: 0.0207, Test F1 Score: 0.0203
Training for Network 1
labelled data size: 25513
unlabelled data size: 14487
Loss: 0.5013, Lx: 0.3522, Lu: 0.1192, Penalty: 0.0298
Training for Network 2
labelled data size: 25514
unlabelled data size: 14486
